Archive member included to satisfy reference by file (symbol)

E:/ASUS/STM32CubeIDE_1.13.2/STM32CubeIDE/plugins/com.st.stm32cube.ide.mcu.externaltools.gnu-tools-for-stm32.14.3.rel1.win32_1.0.100.202602081740/tools/bin/../lib/gcc/arm-none-eabi/14.3.1/../../../../arm-none-eabi/lib/thumb/v7e-m+fp/hard\libc_nano.a(libc_a-exit.o)
                              E:/ASUS/STM32CubeIDE_1.13.2/STM32CubeIDE/plugins/com.st.stm32cube.ide.mcu.externaltools.gnu-tools-for-stm32.14.3.rel1.win32_1.0.100.202602081740/tools/bin/../lib/gcc/arm-none-eabi/14.3.1/../../../../arm-none-eabi/lib/thumb/v7e-m+fp/hard/crt0.o (exit)
E:/ASUS/STM32CubeIDE_1.13.2/STM32CubeIDE/plugins/com.st.stm32cube.ide.mcu.externaltools.gnu-tools-for-stm32.14.3.rel1.win32_1.0.100.202602081740/tools/bin/../lib/gcc/arm-none-eabi/14.3.1/../../../../arm-none-eabi/lib/thumb/v7e-m+fp/hard\libc_nano.a(libc_a-findfp.o)
                              E:/ASUS/STM32CubeIDE_1.13.2/STM32CubeIDE/plugins/com.st.stm32cube.ide.mcu.externaltools.gnu-tools-for-stm32.14.3.rel1.win32_1.0.100.202602081740/tools/bin/../lib/gcc/arm-none-eabi/14.3.1/../../../../arm-none-eabi/lib/thumb/v7e-m+fp/hard\libc_nano.a(libc_a-exit.o) (__stdio_exit_handler)
E:/ASUS/STM32CubeIDE_1.13.2/STM32CubeIDE/plugins/com.st.stm32cube.ide.mcu.externaltools.gnu-tools-for-stm32.14.3.rel1.win32_1.0.100.202602081740/tools/bin/../lib/gcc/arm-none-eabi/14.3.1/../../../../arm-none-eabi/lib/thumb/v7e-m+fp/hard\libc_nano.a(libc_a-fwalk.o)
                              E:/ASUS/STM32CubeIDE_1.13.2/STM32CubeIDE/plugins/com.st.stm32cube.ide.mcu.externaltools.gnu-tools-for-stm32.14.3.rel1.win32_1.0.100.202602081740/tools/bin/../lib/gcc/arm-none-eabi/14.3.1/../../../../arm-none-eabi/lib/thumb/v7e-m+fp/hard\libc_nano.a(libc_a-findfp.o) (_fwalk_sglue)
E:/ASUS/STM32CubeIDE_1.13.2/STM32CubeIDE/plugins/com.st.stm32cube.ide.mcu.externaltools.gnu-tools-for-stm32.14.3.rel1.win32_1.0.100.202602081740/tools/bin/../lib/gcc/arm-none-eabi/14.3.1/../../../../arm-none-eabi/lib/thumb/v7e-m+fp/hard\libc_nano.a(libc_a-snprintf.o)
                              ./Source/App/app_main.o (snprintf)
E:/ASUS/STM32CubeIDE_1.13.2/STM32CubeIDE/plugins/com.st.stm32cube.ide.mcu.externaltools.gnu-tools-for-stm32.14.3.rel1.win32_1.0.100.202602081740/tools/bin/../lib/gcc/arm-none-eabi/14.3.1/../../../../arm-none-eabi/lib/thumb/v7e-m+fp/hard\libc_nano.a(libc_a-stdio.o)
                              E:/ASUS/STM32CubeIDE_1.13.2/STM32CubeIDE/plugins/com.st.stm32cube.ide.mcu.externaltools.gnu-tools-for-stm32.14.3.rel1.win32_1.0.100.202602081740/tools/bin/../lib/gcc/arm-none-eabi/14.3.1/../../../../arm-none-eabi/lib/thumb/v7e-m+fp/hard\libc_nano.a(libc_a-findfp.o) (__sread)
E:/ASUS/STM32CubeIDE_1.13.2/STM32CubeIDE/plugins/com.st.stm32cube.ide.mcu.externaltools.gnu-tools-for-stm32.14.3.rel1.win32_1.0.100.202602081740/tools/bin/../lib/gcc/arm-none-eabi/14.3.1/../../../../arm-none-eabi/lib/thumb/v7e-m+fp/hard\libc_nano.a(libc_a-memset.o)
                              E:/ASUS/STM32CubeIDE_1.13.2/STM32CubeIDE/plugins/com.st.stm32cube.ide.mcu.externaltools.gnu-tools-for-stm32.14.3.rel1.win32_1.0.100.202602081740/tools/bin/../lib/gcc/arm-none-eabi/14.3.1/../../../../arm-none-eabi/lib/thumb/v7e-m+fp/hard/crt0.o (memset)
E:/ASUS/STM32CubeIDE_1.13.2/STM32CubeIDE/plugins/com.st.stm32cube.ide.mcu.externaltools.gnu-tools-for-stm32.14.3.rel1.win32_1.0.100.202602081740/tools/bin/../lib/gcc/arm-none-eabi/14.3.1/../../../../arm-none-eabi/lib/thumb/v7e-m+fp/hard\libc_nano.a(libc_a-closer.o)
                              E:/ASUS/STM32CubeIDE_1.13.2/STM32CubeIDE/plugins/com.st.stm32cube.ide.mcu.externaltools.gnu-tools-for-stm32.14.3.rel1.win32_1.0.100.202602081740/tools/bin/../lib/gcc/arm-none-eabi/14.3.1/../../../../arm-none-eabi/lib/thumb/v7e-m+fp/hard\libc_nano.a(libc_a-stdio.o) (_close_r)
E:/ASUS/STM32CubeIDE_1.13.2/STM32CubeIDE/plugins/com.st.stm32cube.ide.mcu.externaltools.gnu-tools-for-stm32.14.3.rel1.win32_1.0.100.202602081740/tools/bin/../lib/gcc/arm-none-eabi/14.3.1/../../../../arm-none-eabi/lib/thumb/v7e-m+fp/hard\libc_nano.a(libc_a-reent.o)
                              E:/ASUS/STM32CubeIDE_1.13.2/STM32CubeIDE/plugins/com.st.stm32cube.ide.mcu.externaltools.gnu-tools-for-stm32.14.3.rel1.win32_1.0.100.202602081740/tools/bin/../lib/gcc/arm-none-eabi/14.3.1/../../../../arm-none-eabi/lib/thumb/v7e-m+fp/hard\libc_nano.a(libc_a-closer.o) (errno)
E:/ASUS/STM32CubeIDE_1.13.2/STM32CubeIDE/plugins/com.st.stm32cube.ide.mcu.externaltools.gnu-tools-for-stm32.14.3.rel1.win32_1.0.100.202602081740/tools/bin/../lib/gcc/arm-none-eabi/14.3.1/../../../../arm-none-eabi/lib/thumb/v7e-m+fp/hard\libc_nano.a(libc_a-impure.o)
                              E:/ASUS/STM32CubeIDE_1.13.2/STM32CubeIDE/plugins/com.st.stm32cube.ide.mcu.externaltools.gnu-tools-for-stm32.14.3.rel1.win32_1.0.100.202602081740/tools/bin/../lib/gcc/arm-none-eabi/14.3.1/../../../../arm-none-eabi/lib/thumb/v7e-m+fp/hard\libc_nano.a(libc_a-snprintf.o) (_impure_ptr)
[...]
Memory Configuration

Name             Origin             Length             Attributes
RAM              0x20000000         0x00018000         xrw
FLASH            0x08000000         0x00080000         xr
*default*        0x00000000         0xffffffff

Linker script and memory map

LOAD E:/ASUS/STM32CubeIDE_1.13.2/STM32CubeIDE/plugins/com.st.stm32cube.ide.mcu.externaltools.gnu-tools-for-stm32.14.3.rel1.win32_1.0.100.202602081740/tools/bin/../lib/gcc/arm-none-eabi/14.3.1/thumb/v7e-m+fp/hard/crti.o
LOAD E:/ASUS/STM32CubeIDE_1.13.2/STM32CubeIDE/plugins/com.st.stm32cube.ide.mcu.externaltools.gnu-tools-for-stm32.14.3.rel1.win32_1.0.100.202602081740/tools/bin/../lib/gcc/arm-none-eabi/14.3.1/thumb/v7e-m+fp/hard/crtbegin.o
LOAD E:/ASUS/STM32CubeIDE_1.13.2/STM32CubeIDE/plugins/com.st.stm32cube.ide.mcu.externaltools.gnu-tools-for-stm32.14.3.rel1.win32_1.0.100.202602081740/tools/bin/../lib/gcc/arm-none-eabi/14.3.1/../../../../arm-none-eabi/lib/thumb/v7e-m+fp/hard/crt0.o
LOAD ./Core/Src/main.o
LOAD ./Core/Src/stm32f4xx_it.o
LOAD ./Core/Src/syscalls.o
LOAD ./Core/Src/sysmem.o
LOAD ./Core/Src/system_stm32f4xx.o
LOAD ./Core/Startup/startup_stm32f401ceux.o
LOAD ./Drivers/STM32F4xx_HAL_Driver/Src/stm32f4xx_ll_exti.o
LOAD ./Drivers/STM32F4xx_HAL_Driver/Src/stm32f4xx_ll_gpio.o
LOAD ./Drivers/STM32F4xx_HAL_Driver/Src/stm32f4xx_ll_rcc.o
LOAD ./Drivers/STM32F4xx_HAL_Driver/Src/stm32f4xx_ll_utils.o
LOAD ./Source/App/app_main.o
LOAD ./Source/BSP/bsp_button.o
LOAD ./Source/BSP/bsp_ds18b20.o
LOAD ./Source/BSP/bsp_fan.o
LOAD ./Source/BSP/bsp_lcd.o
LOAD ./Source/Components/delay/delay.o
LOAD ./Source/Components/ds18b20/ds18b20.o
LOAD ./Source/Components/lcd1602/lcd1602.o
START GROUP
LOAD E:/ASUS/STM32CubeIDE_1.13.2/STM32CubeIDE/plugins/com.st.stm32cube.ide.mcu.externaltools.gnu-tools-for-stm32.14.3.rel1.win32_1.0.100.202602081740/tools/bin/../lib/gcc/arm-none-eabi/14.3.1/../../../../arm-none-eabi/lib/thumb/v7e-m+fp/hard\libc_nano.a
LOAD E:/ASUS/STM32CubeIDE_1.13.2/STM32CubeIDE/plugins/com.st.stm32cube.ide.mcu.externaltools.gnu-tools-for-stm32.14.3.rel1.win32_1.0.100.202602081740/tools/bin/../lib/gcc/arm-none-eabi/14.3.1/../../../../arm-none-eabi/lib/thumb/v7e-m+fp/hard\libm.a
END GROUP
START GROUP
LOAD E:/ASUS/STM32CubeIDE_1.13.2/STM32CubeIDE/plugins/com.st.stm32cube.ide.mcu.externaltools.gnu-tools-for-stm32.14.3.rel1.win32_1.0.100.202602081740/tools/bin/../lib/gcc/arm-none-eabi/14.3.1/thumb/v7e-m+fp/hard\libgcc.a
LOAD E:/ASUS/STM32CubeIDE_1.13.2/STM32CubeIDE/plugins/com.st.stm32cube.ide.mcu.externaltools.gnu-tools-for-stm32.14.3.rel1.win32_1.0.100.202602081740/tools/bin/../lib/gcc/arm-none-eabi/14.3.1/../../../../arm-none-eabi/lib/thumb/v7e-m+fp/hard\libc_nano.a
END GROUP
START GROUP
LOAD E:/ASUS/STM32CubeIDE_1.13.2/STM32CubeIDE/plugins/com.st.stm32cube.ide.mcu.externaltools.gnu-tools-for-stm32.14.3.rel1.win32_1.0.100.202602081740/tools/bin/../lib/gcc/arm-none-eabi/14.3.1/thumb/v7e-m+fp/hard\libgcc.a
LOAD E:/ASUS/STM32CubeIDE_1.13.2/STM32CubeIDE/plugins/com.st.stm32cube.ide.mcu.externaltools.gnu-tools-for-stm32.14.3.rel1.win32_1.0.100.202602081740/tools/bin/../lib/gcc/arm-none-eabi/14.3.1/../../../../arm-none-eabi/lib/thumb/v7e-m+fp/hard\libc_nano.a
LOAD E:/ASUS/STM32CubeIDE_1.13.2/STM32CubeIDE/plugins/com.st.stm32cube.ide.mcu.externaltools.gnu-tools-for-stm32.14.3.rel1.win32_1.0.100.202602081740/tools/bin/../lib/gcc/arm-none-eabi/14.3.1/../../../../arm-none-eabi/lib/thumb/v7e-m+fp/hard\libnosys.a
END GROUP
START GROUP
LOAD E:/ASUS/STM32CubeIDE_1.13.2/STM32CubeIDE/plugins/com.st.stm32cube.ide.mcu.externaltools.gnu-tools-for-stm32.14.3.rel1.win32_1.0.100.202602081740/tools/bin/../lib/gcc/arm-none-eabi/14.3.1/thumb/v7e-m+fp/hard\libgcc.a
LOAD E:/ASUS/STM32CubeIDE_1.13.2/STM32CubeIDE/plugins/com.st.stm32cube.ide.mcu.externaltools.gnu-tools-for-stm32.14.3.rel1.win32_1.0.100.202602081740/tools/bin/../lib/gcc/arm-none-eabi/14.3.1/../../../../arm-none-eabi/lib/thumb/v7e-m+fp/hard\libc_nano.a
LOAD E:/ASUS/STM32CubeIDE_1.13.2/STM32CubeIDE/plugins/com.st.stm32cube.ide.mcu.externaltools.gnu-tools-for-stm32.14.3.rel1.win32_1.0.100.202602081740/tools/bin/../lib/gcc/arm-none-eabi/14.3.1/../../../../arm-none-eabi/lib/thumb/v7e-m+fp/hard\libnosys.a
END GROUP
LOAD E:/ASUS/STM32CubeIDE_1.13.2/STM32CubeIDE/plugins/com.st.stm32cube.ide.mcu.externaltools.gnu-tools-for-stm32.14.3.rel1.win32_1.0.100.202602081740/tools/bin/../lib/gcc/arm-none-eabi/14.3.1/thumb/v7e-m+fp/hard/crtend.o
LOAD E:/ASUS/STM32CubeIDE_1.13.2/STM32CubeIDE/plugins/com.st.stm32cube.ide.mcu.externaltools.gnu-tools-for-stm32.14.3.rel1.win32_1.0.100.202602081740/tools/bin/../lib/gcc/arm-none-eabi/14.3.1/thumb/v7e-m+fp/hard/crtn.o
                0x20018000                        _estack = (ORIGIN (RAM) + LENGTH (RAM))
                0x00000200                        _Min_Heap_Size = 0x200
                0x00000400                        _Min_Stack_Size = 0x400

.isr_vector     0x08000000      0x194
                0x08000000                        . = ALIGN (0x4)
 *(.isr_vector)
 .isr_vector    0x08000000      0x194 ./Core/Startup/startup_stm32f401ceux.o
                0x08000000                g_pfnVectors
                0x08000194                        . = ALIGN (0x4)

.text           0x080001a0     0x3154
                0x080001a0                        . = ALIGN (0x4)
 *(.text)
 .text          0x080001a0       0x40 E:/ASUS/STM32CubeIDE_1.13.2/STM32CubeIDE/plugins/com.st.stm32cube.ide.mcu.externaltools.gnu-tools-for-stm32.14.3.rel1.win32_1.0.100.202602081740/tools/bin/../lib/gcc/arm-none-eabi/14.3.1/thumb/v7e-m+fp/hard/crtbegin.o
 .text          0x080001e0       0xa0 E:/ASUS/STM32CubeIDE_1.13.2/STM32CubeIDE/plugins/com.st.stm32cube.ide.mcu.externaltools.gnu-tools-for-stm32.14.3.rel1.win32_1.0.100.202602081740/tools/bin/../lib/gcc/arm-none-eabi/14.3.1/../../../../arm-none-eabi/lib/thumb/v7e-m+fp/hard\libc_nano.a(libc_a-memchr.o)
                0x080001e0                memchr
 *(.text*)
 .text.__NVIC_SetPriorityGrouping
                0x08000280       0x48 ./Core/Src/main.o
 .text.__NVIC_GetPriorityGrouping
                0x080002c8       0x1c ./Core/Src/main.o
 .text.__NVIC_EnableIRQ
                0x080002e4       0x3c ./Core/Src/main.o
 .text.__NVIC_SetPriority
                0x08000320       0x54 ./Core/Src/main.o
 .text.NVIC_EncodePriority
                0x08000374       0x66 ./Core/Src/main.o
 *fill*         0x080003da        0x2 
 .text.LL_RCC_HSI_Enable
                0x080003dc       0x20 ./Core/Src/main.o
 .text.LL_RCC_HSI_IsReady
                0x080003fc       0x24 ./Core/Src/main.o
 .text.LL_RCC_HSI_SetCalibTrimming
                0x08000420       0x2c ./Core/Src/main.o
 .text.LL_RCC_SetSysClkSource
                0x0800044c       0x28 ./Core/Src/main.o
 .text.LL_RCC_GetSysClkSource
                0x08000474       0x1c ./Core/Src/main.o
 .text.LL_RCC_SetAHBPrescaler
                0x08000490       0x28 ./Core/Src/main.o
 .text.LL_RCC_SetAPB1Prescaler
                0x080004b8       0x28 ./Core/Src/main.o
 .text.LL_RCC_SetAPB2Prescaler
                0x080004e0       0x28 ./Core/Src/main.o
 .text.LL_RCC_SetTIMPrescaler
                0x08000508       0x2c ./Core/Src/main.o
 .text.LL_AHB1_GRP1_EnableClock
                0x08000534       0x30 ./Core/Src/main.o
 .text.LL_APB1_GRP1_EnableClock
                0x08000564       0x30 ./Core/Src/main.o
 .text.LL_APB2_GRP1_EnableClock
                0x08000594       0x30 ./Core/Src/main.o
 .text.LL_SYSCFG_SetEXTISource
                0x080005c4       0x6c ./Core/Src/main.o
 .text.LL_FLASH_SetLatency
                0x08000630       0x28 ./Core/Src/main.o
 .text.LL_FLASH_GetLatency
                0x08000658       0x1c ./Core/Src/main.o
 .text.LL_PWR_SetRegulVoltageScaling
                0x08000674       0x28 ./Core/Src/main.o
 .text.LL_GPIO_SetPinMode
                0x0800069c       0x7a ./Core/Src/main.o
 .text.LL_GPIO_SetPinPull
                0x08000716       0x7a ./Core/Src/main.o
 .text.LL_GPIO_ResetOutputPin
                0x08000790       0x1e ./Core/Src/main.o
 .text.main     0x080007ae       0x48 ./Core/Src/main.o
                0x080007ae                main
 *fill*         0x080007f6        0x2 
 .text.SystemClock_Config
                0x080007f8       0x74 ./Core/Src/main.o
                0x080007f8                SystemClock_Config
 .text.MX_GPIO_Init
                0x0800086c      0x210 ./Core/Src/main.o
 .text.LL_EXTI_IsActiveFlag_0_31
                0x08000a7c       0x2c ./Core/Src/stm32f4xx_it.o
 .text.LL_EXTI_ClearFlag_0_31
                0x08000aa8       0x20 ./Core/Src/stm32f4xx_it.o
 .text.NMI_Handler
                0x08000ac8        0x8 ./Core/Src/stm32f4xx_it.o
                0x08000ac8                NMI_Handler
 .text.HardFault_Handler
                0x08000ad0        0x8 ./Core/Src/stm32f4xx_it.o
                0x08000ad0                HardFault_Handler
 .text.MemManage_Handler
                0x08000ad8        0x8 ./Core/Src/stm32f4xx_it.o
                0x08000ad8                MemManage_Handler
 .text.BusFault_Handler
                0x08000ae0        0x8 ./Core/Src/stm32f4xx_it.o
                0x08000ae0                BusFault_Handler
 .text.UsageFault_Handler
                0x08000ae8        0x8 ./Core/Src/stm32f4xx_it.o
                0x08000ae8                UsageFault_Handler
 .text.SVC_Handler
                0x08000af0        0xe ./Core/Src/stm32f4xx_it.o
                0x08000af0                SVC_Handler
 .text.DebugMon_Handler
                0x08000afe        0xe ./Core/Src/stm32f4xx_it.o
                0x08000afe                DebugMon_Handler
 .text.PendSV_Handler
                0x08000b0c        0xe ./Core/Src/stm32f4xx_it.o
                0x08000b0c                PendSV_Handler
 .text.SysTick_Handler
                0x08000b1a        0xc ./Core/Src/stm32f4xx_it.o
                0x08000b1a                SysTick_Handler
 .text.EXTI2_IRQHandler
                0x08000b26       0x20 ./Core/Src/stm32f4xx_it.o
                0x08000b26                EXTI2_IRQHandler
 .text.EXTI3_IRQHandler
                0x08000b46       0x20 ./Core/Src/stm32f4xx_it.o
                0x08000b46                EXTI3_IRQHandler
 .text.EXTI4_IRQHandler
                0x08000b66       0x20 ./Core/Src/stm32f4xx_it.o
                0x08000b66                EXTI4_IRQHandler
 .text.EXTI9_5_IRQHandler
                0x08000b86       0x20 ./Core/Src/stm32f4xx_it.o
                0x08000b86                EXTI9_5_IRQHandler
 *fill*         0x08000ba6        0x2 
 .text._sbrk    0x08000ba8       0x6c ./Core/Src/sysmem.o
                0x08000ba8                _sbrk
 .text.SystemInit
                0x08000c14       0x24 ./Core/Src/system_stm32f4xx.o
                0x08000c14                SystemInit
 .text.SystemCoreClockUpdate
                0x08000c38       0xec ./Core/Src/system_stm32f4xx.o
                0x08000c38                SystemCoreClockUpdate
 .text.Reset_Handler
                0x08000d24       0x50 ./Core/Startup/startup_stm32f401ceux.o
                0x08000d24                Reset_Handler
 .text.Default_Handler
                0x08000d74        0x2 ./Core/Startup/startup_stm32f401ceux.o
                0x08000d74                RTC_Alarm_IRQHandler
                0x08000d74                SPI4_IRQHandler
                0x08000d74                TIM1_CC_IRQHandler
                0x08000d74                DMA2_Stream5_IRQHandler
                0x08000d74                DMA1_Stream5_IRQHandler
                0x08000d74                PVD_IRQHandler
                0x08000d74                SDIO_IRQHandler
                0x08000d74                TAMP_STAMP_IRQHandler
                0x08000d74                TIM1_UP_TIM10_IRQHandler
                0x08000d74                I2C3_ER_IRQHandler
                0x08000d74                EXTI0_IRQHandler
                0x08000d74                I2C2_EV_IRQHandler
                0x08000d74                DMA1_Stream2_IRQHandler
                0x08000d74                FPU_IRQHandler
                0x08000d74                DMA2_Stream2_IRQHandler
                0x08000d74                SPI1_IRQHandler
                0x08000d74                TIM1_BRK_TIM9_IRQHandler
                0x08000d74                DMA2_Stream3_IRQHandler
                0x08000d74                USART6_IRQHandler
                0x08000d74                DMA2_Stream0_IRQHandler
                0x08000d74                TIM4_IRQHandler
                0x08000d74                I2C1_EV_IRQHandler
                0x08000d74                DMA1_Stream6_IRQHandler
                0x08000d74                DMA1_Stream1_IRQHandler
                0x08000d74                TIM3_IRQHandler
                0x08000d74                RCC_IRQHandler
                0x08000d74                Default_Handler
                0x08000d74                EXTI15_10_IRQHandler
                0x08000d74                ADC_IRQHandler
                0x08000d74                DMA1_Stream7_IRQHandler
                0x08000d74                TIM5_IRQHandler
                0x08000d74                DMA2_Stream7_IRQHandler
                0x08000d74                I2C3_EV_IRQHandler
                0x08000d74                RTC_WKUP_IRQHandler
                0x08000d74                SPI2_IRQHandler
                0x08000d74                DMA1_Stream0_IRQHandler
                0x08000d74                WWDG_IRQHandler
                0x08000d74                TIM2_IRQHandler
                0x08000d74                OTG_FS_WKUP_IRQHandler
                0x08000d74                TIM1_TRG_COM_TIM11_IRQHandler
                0x08000d74                EXTI1_IRQHandler
                0x08000d74                USART2_IRQHandler
                0x08000d74                I2C2_ER_IRQHandler
                0x08000d74                DMA2_Stream1_IRQHandler
                0x08000d74                FLASH_IRQHandler
                0x08000d74                DMA2_Stream4_IRQHandler
                0x08000d74                USART1_IRQHandler
                0x08000d74                OTG_FS_IRQHandler
                0x08000d74                SPI3_IRQHandler
                0x08000d74                DMA1_Stream4_IRQHandler
                0x08000d74                I2C1_ER_IRQHandler
                0x08000d74                DMA2_Stream6_IRQHandler
                0x08000d74                DMA1_Stream3_IRQHandler
 *fill*         0x08000d76        0x2 
 .text.LL_EXTI_EnableIT_0_31
                0x08000d78       0x24 ./Drivers/STM32F4xx_HAL_Driver/Src/stm32f4xx_ll_exti.o
 .text.LL_EXTI_DisableIT_0_31
                0x08000d9c       0x28 ./Drivers/STM32F4xx_HAL_Driver/Src/stm32f4xx_ll_exti.o
 .text.LL_EXTI_EnableEvent_0_31
                0x08000dc4       0x24 ./Drivers/STM32F4xx_HAL_Driver/Src/stm32f4xx_ll_exti.o
 .text.LL_EXTI_DisableEvent_0_31
                0x08000de8       0x28 ./Drivers/STM32F4xx_HAL_Driver/Src/stm32f4xx_ll_exti.o
 .text.LL_EXTI_EnableRisingTrig_0_31
                0x08000e10       0x24 ./Drivers/STM32F4xx_HAL_Driver/Src/stm32f4xx_ll_exti.o
 .text.LL_EXTI_DisableRisingTrig_0_31
                0x08000e34       0x28 ./Drivers/STM32F4xx_HAL_Driver/Src/stm32f4xx_ll_exti.o
 .text.LL_EXTI_EnableFallingTrig_0_31
                0x08000e5c       0x24 ./Drivers/STM32F4xx_HAL_Driver/Src/stm32f4xx_ll_exti.o
 .text.LL_EXTI_DisableFallingTrig_0_31
                0x08000e80       0x28 ./Drivers/STM32F4xx_HAL_Driver/Src/stm32f4xx_ll_exti.o
 .text.LL_EXTI_Init
                0x08000ea8       0xfe ./Drivers/STM32F4xx_HAL_Driver/Src/stm32f4xx_ll_exti.o
                0x08000ea8                LL_EXTI_Init
 .text.LL_GPIO_SetPinMode
                0x08000fa6       0x7a ./Drivers/STM32F4xx_HAL_Driver/Src/stm32f4xx_ll_gpio.o
 .text.LL_GPIO_SetPinOutputType
                0x08001020       0x30 ./Drivers/STM32F4xx_HAL_Driver/Src/stm32f4xx_ll_gpio.o
 .text.LL_GPIO_SetPinSpeed
                0x08001050       0x7a ./Drivers/STM32F4xx_HAL_Driver/Src/stm32f4xx_ll_gpio.o
 .text.LL_GPIO_SetPinPull
                0x080010ca       0x7a ./Drivers/STM32F4xx_HAL_Driver/Src/stm32f4xx_ll_gpio.o
 .text.LL_GPIO_SetAFPin_0_7
                0x08001144       0x7a ./Drivers/STM32F4xx_HAL_Driver/Src/stm32f4xx_ll_gpio.o
 .text.LL_GPIO_SetAFPin_8_15
                0x080011be       0x7e ./Drivers/STM32F4xx_HAL_Driver/Src/stm32f4xx_ll_gpio.o
 .text.LL_GPIO_Init
                0x0800123c      0x102 ./Drivers/STM32F4xx_HAL_Driver/Src/stm32f4xx_ll_gpio.o
                0x0800123c                LL_GPIO_Init
 *fill*         0x0800133e        0x2 
 .text.LL_InitTick
                0x08001340       0x34 ./Drivers/STM32F4xx_HAL_Driver/Src/stm32f4xx_ll_utils.o
 .text.LL_Init1msTick
                0x08001374       0x1a ./Drivers/STM32F4xx_HAL_Driver/Src/stm32f4xx_ll_utils.o
                0x08001374                LL_Init1msTick
 *fill*         0x0800138e        0x2 
 .text.LL_SetSystemCoreClock
                0x08001390       0x20 ./Drivers/STM32F4xx_HAL_Driver/Src/stm32f4xx_ll_utils.o
                0x08001390                LL_SetSystemCoreClock
 .text.app_main_init
                0x080013b0       0x88 ./Source/App/app_main.o
                0x080013b0                app_main_init
 .text.app_main_fsm
                0x08001438       0x2a ./Source/App/app_main.o
                0x08001438                app_main_fsm
 *fill*         0x08001462        0x2 
 .text.app_button_handle
                0x08001464      0x130 ./Source/App/app_main.o
 .text.app_sensor_handle
                0x08001594       0xd4 ./Source/App/app_main.o
 .text.app_fan_handle
                0x08001668       0x74 ./Source/App/app_main.o
 .text.app_lcd_handle
                0x080016dc      0x180 ./Source/App/app_main.o
 .text.bsp_button_init
                0x0800185c       0x40 ./Source/BSP/bsp_button.o
                0x0800185c                bsp_button_init
 .text.bsp_button_exti_callback
                0x0800189c       0xf0 ./Source/BSP/bsp_button.o
                0x0800189c                bsp_button_exti_callback
 .text.bsp_button_get_events
                0x0800198c       0x2c ./Source/BSP/bsp_button.o
                0x0800198c                bsp_button_get_events
 .text.bsp_ds18b20_init
                0x080019b8       0x14 ./Source/BSP/bsp_ds18b20.o
                0x080019b8                bsp_ds18b20_init
 .text.bsp_ds18b20_request_sample
                0x080019cc       0x1c ./Source/BSP/bsp_ds18b20.o
                0x080019cc                bsp_ds18b20_request_sample
 .text.bsp_ds18b20_process
                0x080019e8       0x1c ./Source/BSP/bsp_ds18b20.o
                0x080019e8                bsp_ds18b20_process
 .text.bsp_ds18b20_is_busy
                0x08001a04       0x14 ./Source/BSP/bsp_ds18b20.o
                0x08001a04                bsp_ds18b20_is_busy
 .text.bsp_ds18b20_is_new_data_ready
                0x08001a18       0x14 ./Source/BSP/bsp_ds18b20.o
                0x08001a18                bsp_ds18b20_is_new_data_ready
 .text.bsp_ds18b20_get_last_temp_int
                0x08001a2c       0x20 ./Source/BSP/bsp_ds18b20.o
                0x08001a2c                bsp_ds18b20_get_last_temp_int
 .text.bsp_ds18b20_is_data_valid
                0x08001a4c       0x14 ./Source/BSP/bsp_ds18b20.o
                0x08001a4c                bsp_ds18b20_is_data_valid
 .text.LL_GPIO_SetOutputPin
                0x08001a60       0x1c ./Source/BSP/bsp_fan.o
 .text.LL_GPIO_ResetOutputPin
                0x08001a7c       0x1e ./Source/BSP/bsp_fan.o
 .text.bsp_fan_init
                0x08001a9a        0xc ./Source/BSP/bsp_fan.o
                0x08001a9a                bsp_fan_init
 *fill*         0x08001aa6        0x2 
 .text.bsp_fan_on
                0x08001aa8       0x20 ./Source/BSP/bsp_fan.o
                0x08001aa8                bsp_fan_on
 .text.bsp_fan_off
                0x08001ac8       0x20 ./Source/BSP/bsp_fan.o
                0x08001ac8                bsp_fan_off
 .text.bsp_fan_is_on
                0x08001ae8       0x18 ./Source/BSP/bsp_fan.o
                0x08001ae8                bsp_fan_is_on
 .text.bsp_lcd_init
                0x08001b00       0x14 ./Source/BSP/bsp_lcd.o
                0x08001b00                bsp_lcd_init
 .text.bsp_lcd_print_line
                0x08001b14       0x24 ./Source/BSP/bsp_lcd.o
                0x08001b14                bsp_lcd_print_line
 .text.__NVIC_GetPriorityGrouping
                0x08001b38       0x1c ./Source/Components/delay/delay.o
 .text.__NVIC_SetPriority
                0x08001b54       0x54 ./Source/Components/delay/delay.o
 .text.NVIC_EncodePriority
                0x08001ba8       0x66 ./Source/Components/delay/delay.o
 *fill*         0x08001c0e        0x2 
 .text.SysTick_Config
                0x08001c10       0x44 ./Source/Components/delay/delay.o
 .text.DELAY_Init
                0x08001c54       0x2c ./Source/Components/delay/delay.o
                0x08001c54                DELAY_Init
 .text.DELAY_IncTick
                0x08001c80       0x1c ./Source/Components/delay/delay.o
                0x08001c80                DELAY_IncTick
 .text.DELAY_GetTick
                0x08001c9c       0x18 ./Source/Components/delay/delay.o
                0x08001c9c                DELAY_GetTick
 .text.DELAY_ms
                0x08001cb4       0x28 ./Source/Components/delay/delay.o
                0x08001cb4                DELAY_ms
 .text.DELAY_us
                0x08001cdc       0x74 ./Source/Components/delay/delay.o
                0x08001cdc                DELAY_us
 .text.DELAY_IsExpired
                0x08001d50       0x28 ./Source/Components/delay/delay.o
                0x08001d50                DELAY_IsExpired
 .text.DELAY_InitSysTick
                0x08001d78       0x60 ./Source/Components/delay/delay.o
 .text.DELAY_InitDWT
                0x08001dd8       0x70 ./Source/Components/delay/delay.o
 .text.DELAY_us_software
                0x08001e48       0x6c ./Source/Components/delay/delay.o
 .text.LL_GPIO_IsInputPinSet
                0x08001eb4       0x2a ./Source/Components/ds18b20/ds18b20.o
 .text.LL_GPIO_ResetOutputPin
                0x08001ede       0x1e ./Source/Components/ds18b20/ds18b20.o
 .text.DS18B20_GetPinPosition
                0x08001efc       0x38 ./Source/Components/ds18b20/ds18b20.o
 .text.DS18B20_ReleaseBus
                0x08001f34       0x68 ./Source/Components/ds18b20/ds18b20.o
 .text.DS18B20_PullBusLow
                0x08001f9c       0xa4 ./Source/Components/ds18b20/ds18b20.o
 .text.DS18B20_ReadBus
                0x08002040       0x2c ./Source/Components/ds18b20/ds18b20.o
 .text.DS18B20_Reset
                0x0800206c       0x54 ./Source/Components/ds18b20/ds18b20.o
 .text.DS18B20_WriteBit
                0x080020c0       0x4c ./Source/Components/ds18b20/ds18b20.o
 .text.DS18B20_ReadBit
                0x0800210c       0x3a ./Source/Components/ds18b20/ds18b20.o
 .text.DS18B20_WriteByte
                0x08002146       0x3e ./Source/Components/ds18b20/ds18b20.o
 .text.DS18B20_ReadByte
                0x08002184       0x44 ./Source/Components/ds18b20/ds18b20.o
 .text.DS18B20_CalcCRC8
                0x080021c8       0x72 ./Source/Components/ds18b20/ds18b20.o
 .text.DS18B20_RawToIntCelsius
                0x0800223a       0x40 ./Source/Components/ds18b20/ds18b20.o
 .text.DS18B20_ReadScratchpad
                0x0800227a       0x80 ./Source/Components/ds18b20/ds18b20.o
 .text.DS18B20_Init
                0x080022fa       0x78 ./Source/Components/ds18b20/ds18b20.o
                0x080022fa                DS18B20_Init
 .text.DS18B20_StartConversion
                0x08002372       0x3c ./Source/Components/ds18b20/ds18b20.o
                0x08002372                DS18B20_StartConversion
 .text.DS18B20_ReadTempAfterConversion
                0x080023ae       0x7e ./Source/Components/ds18b20/ds18b20.o
                0x080023ae                DS18B20_ReadTempAfterConversion
 .text.DS18B20_RequestSample
                0x0800242c       0x5e ./Source/Components/ds18b20/ds18b20.o
                0x0800242c                DS18B20_RequestSample
 .text.DS18B20_Process
                0x0800248a       0x66 ./Source/Components/ds18b20/ds18b20.o
                0x0800248a                DS18B20_Process
 .text.DS18B20_IsBusy
                0x080024f0       0x2c ./Source/Components/ds18b20/ds18b20.o
                0x080024f0                DS18B20_IsBusy
 .text.DS18B20_IsNewDataReady
                0x0800251c       0x22 ./Source/Components/ds18b20/ds18b20.o
                0x0800251c                DS18B20_IsNewDataReady
 .text.DS18B20_GetLastTempInt
                0x0800253e       0x44 ./Source/Components/ds18b20/ds18b20.o
                0x0800253e                DS18B20_GetLastTempInt
 .text.DS18B20_IsDataValid
                0x08002582       0x22 ./Source/Components/ds18b20/ds18b20.o
                0x08002582                DS18B20_IsDataValid
 .text.LL_GPIO_SetOutputPin
                0x080025a4       0x1c ./Source/Components/lcd1602/lcd1602.o
 .text.LL_GPIO_ResetOutputPin
                0x080025c0       0x1e ./Source/Components/lcd1602/lcd1602.o
 .text.LCD1602_Init
                0x080025de       0x96 ./Source/Components/lcd1602/lcd1602.o
                0x080025de                LCD1602_Init
 .text.LCD1602_SetCursor
                0x08002674       0x7a ./Source/Components/lcd1602/lcd1602.o
                0x08002674                LCD1602_SetCursor
 .text.LCD1602_PrintLine
                0x080026ee       0x82 ./Source/Components/lcd1602/lcd1602.o
                0x080026ee                LCD1602_PrintLine
 .text.lcd_cols
                0x08002770       0x32 ./Source/Components/lcd1602/lcd1602.o
 .text.lcd_rows
                0x080027a2       0x32 ./Source/Components/lcd1602/lcd1602.o
 .text.lcd_write_pin
                0x080027d4       0x2e ./Source/Components/lcd1602/lcd1602.o
 .text.lcd_pulse_enable
                0x08002802       0x3c ./Source/Components/lcd1602/lcd1602.o
 .text.lcd_write_4bits
                0x0800283e       0x8c ./Source/Components/lcd1602/lcd1602.o
 .text.lcd_send
                0x080028ca       0x68 ./Source/Components/lcd1602/lcd1602.o
 .text.lcd_command
                0x08002932       0x20 ./Source/Components/lcd1602/lcd1602.o
 .text.lcd_data
                0x08002952       0x20 ./Source/Components/lcd1602/lcd1602.o
 *fill*         0x08002972        0x2 
 .text.snprintf
                0x08002974       0x6c E:/ASUS/STM32CubeIDE_1.13.2/STM32CubeIDE/plugins/com.st.stm32cube.ide.mcu.externaltools.gnu-tools-for-stm32.14.3.rel1.win32_1.0.100.202602081740/tools/bin/../lib/gcc/arm-none-eabi/14.3.1/../../../../arm-none-eabi/lib/thumb/v7e-m+fp/hard\libc_nano.a(libc_a-snprintf.o)
                0x08002974                sniprintf
                0x08002974                snprintf
 .text.__errno  0x080029e0        0xc E:/ASUS/STM32CubeIDE_1.13.2/STM32CubeIDE/plugins/com.st.stm32cube.ide.mcu.externaltools.gnu-tools-for-stm32.14.3.rel1.win32_1.0.100.202602081740/tools/bin/../lib/gcc/arm-none-eabi/14.3.1/../../../../arm-none-eabi/lib/thumb/v7e-m+fp/hard\libc_nano.a(libc_a-errno.o)
                0x080029e0                __errno
 .text.__libc_init_array
                0x080029ec       0x48 E:/ASUS/STM32CubeIDE_1.13.2/STM32CubeIDE/plugins/com.st.stm32cube.ide.mcu.externaltools.gnu-tools-for-stm32.14.3.rel1.win32_1.0.100.202602081740/tools/bin/../lib/gcc/arm-none-eabi/14.3.1/../../../../arm-none-eabi/lib/thumb/v7e-m+fp/hard\libc_nano.a(libc_a-init.o)
                0x080029ec                __libc_init_array
 .text.__retarget_lock_acquire_recursive
                0x08002a34        0x2 E:/ASUS/STM32CubeIDE_1.13.2/STM32CubeIDE/plugins/com.st.stm32cube.ide.mcu.externaltools.gnu-tools-for-stm32.14.3.rel1.win32_1.0.100.202602081740/tools/bin/../lib/gcc/arm-none-eabi/14.3.1/../../../../arm-none-eabi/lib/thumb/v7e-m+fp/hard\libc_nano.a(libc_a-lock.o)
                0x08002a34                __retarget_lock_acquire_recursive
 .text.__retarget_lock_release_recursive
                0x08002a36        0x2 E:/ASUS/STM32CubeIDE_1.13.2/STM32CubeIDE/plugins/com.st.stm32cube.ide.mcu.externaltools.gnu-tools-for-stm32.14.3.rel1.win32_1.0.100.202602081740/tools/bin/../lib/gcc/arm-none-eabi/14.3.1/../../../../arm-none-eabi/lib/thumb/v7e-m+fp/hard\libc_nano.a(libc_a-lock.o)
                0x08002a36                __retarget_lock_release_recursive
 .text._free_r  0x08002a38       0x94 E:/ASUS/STM32CubeIDE_1.13.2/STM32CubeIDE/plugins/com.st.stm32cube.ide.mcu.externaltools.gnu-tools-for-stm32.14.3.rel1.win32_1.0.100.202602081740/tools/bin/../lib/gcc/arm-none-eabi/14.3.1/../../../../arm-none-eabi/lib/thumb/v7e-m+fp/hard\libc_nano.a(libc_a-freer.o)
                0x08002a38                _free_r
 .text.sbrk_aligned
                0x08002acc       0x44 E:/ASUS/STM32CubeIDE_1.13.2/STM32CubeIDE/plugins/com.st.stm32cube.ide.mcu.externaltools.gnu-tools-for-stm32.14.3.rel1.win32_1.0.100.202602081740/tools/bin/../lib/gcc/arm-none-eabi/14.3.1/../../../../arm-none-eabi/lib/thumb/v7e-m+fp/hard\libc_nano.a(libc_a-mallocr.o)
 .text._malloc_r
                0x08002b10      0x100 E:/ASUS/STM32CubeIDE_1.13.2/STM32CubeIDE/plugins/com.st.stm32cube.ide.mcu.externaltools.gnu-tools-for-stm32.14.3.rel1.win32_1.0.100.202602081740/tools/bin/../lib/gcc/arm-none-eabi/14.3.1/../../../../arm-none-eabi/lib/thumb/v7e-m+fp/hard\libc_nano.a(libc_a-mallocr.o)
                0x08002b10                _malloc_r
 .text.__malloc_lock
                0x08002c10        0xc E:/ASUS/STM32CubeIDE_1.13.2/STM32CubeIDE/plugins/com.st.stm32cube.ide.mcu.externaltools.gnu-tools-for-stm32.14.3.rel1.win32_1.0.100.202602081740/tools/bin/../lib/gcc/arm-none-eabi/14.3.1/../../../../arm-none-eabi/lib/thumb/v7e-m+fp/hard\libc_nano.a(libc_a-mlock.o)
                0x08002c10                __malloc_lock
 .text.__malloc_unlock
                0x08002c1c        0xc E:/ASUS/STM32CubeIDE_1.13.2/STM32CubeIDE/plugins/com.st.stm32cube.ide.mcu.externaltools.gnu-tools-for-stm32.14.3.rel1.win32_1.0.100.202602081740/tools/bin/../lib/gcc/arm-none-eabi/14.3.1/../../../../arm-none-eabi/lib/thumb/v7e-m+fp/hard\libc_nano.a(libc_a-mlock.o)
                0x08002c1c                __malloc_unlock
 .text.__ssputs_r
                0x08002c28       0xc0 E:/ASUS/STM32CubeIDE_1.13.2/STM32CubeIDE/plugins/com.st.stm32cube.ide.mcu.externaltools.gnu-tools-for-stm32.14.3.rel1.win32_1.0.100.202602081740/tools/bin/../lib/gcc/arm-none-eabi/14.3.1/../../../../arm-none-eabi/lib/thumb/v7e-m+fp/hard\libc_nano.a(libc_a-nano-svfprintf.o)
                0x08002c28                __ssputs_r
 .text._svfprintf_r
                0x08002ce8      0x1f0 E:/ASUS/STM32CubeIDE_1.13.2/STM32CubeIDE/plugins/com.st.stm32cube.ide.mcu.externaltools.gnu-tools-for-stm32.14.3.rel1.win32_1.0.100.202602081740/tools/bin/../lib/gcc/arm-none-eabi/14.3.1/../../../../arm-none-eabi/lib/thumb/v7e-m+fp/hard\libc_nano.a(libc_a-nano-svfprintf.o)
                0x08002ce8                _svfiprintf_r
                0x08002ce8                _svfprintf_r
 .text._printf_common
                0x08002ed8       0xda E:/ASUS/STM32CubeIDE_1.13.2/STM32CubeIDE/plugins/com.st.stm32cube.ide.mcu.externaltools.gnu-tools-for-stm32.14.3.rel1.win32_1.0.100.202602081740/tools/bin/../lib/gcc/arm-none-eabi/14.3.1/../../../../arm-none-eabi/lib/thumb/v7e-m+fp/hard\libc_nano.a(libc_a-nano-vfprintf_i.o)
                0x08002ed8                _printf_common
 *fill*         0x08002fb2        0x2 
 .text._printf_i
                0x08002fb4      0x24c E:/ASUS/STM32CubeIDE_1.13.2/STM32CubeIDE/plugins/com.st.stm32cube.ide.mcu.externaltools.gnu-tools-for-stm32.14.3.rel1.win32_1.0.100.202602081740/tools/bin/../lib/gcc/arm-none-eabi/14.3.1/../../../../arm-none-eabi/lib/thumb/v7e-m+fp/hard\libc_nano.a(libc_a-nano-vfprintf_i.o)
                0x08002fb4                _printf_i
 .text.memmove  0x08003200       0x32 E:/ASUS/STM32CubeIDE_1.13.2/STM32CubeIDE/plugins/com.st.stm32cube.ide.mcu.externaltools.gnu-tools-for-stm32.14.3.rel1.win32_1.0.100.202602081740/tools/bin/../lib/gcc/arm-none-eabi/14.3.1/../../../../arm-none-eabi/lib/thumb/v7e-m+fp/hard\libc_nano.a(libc_a-memmove.o)
                0x08003200                memmove
 *fill*         0x08003232        0x2 
 .text._sbrk_r  0x08003234       0x20 E:/ASUS/STM32CubeIDE_1.13.2/STM32CubeIDE/plugins/com.st.stm32cube.ide.mcu.externaltools.gnu-tools-for-stm32.14.3.rel1.win32_1.0.100.202602081740/tools/bin/../lib/gcc/arm-none-eabi/14.3.1/../../../../arm-none-eabi/lib/thumb/v7e-m+fp/hard\libc_nano.a(libc_a-sbrkr.o)
                0x08003234                _sbrk_r
 .text.memcpy   0x08003254       0x1c E:/ASUS/STM32CubeIDE_1.13.2/STM32CubeIDE/plugins/com.st.stm32cube.ide.mcu.externaltools.gnu-tools-for-stm32.14.3.rel1.win32_1.0.100.202602081740/tools/bin/../lib/gcc/arm-none-eabi/14.3.1/../../../../arm-none-eabi/lib/thumb/v7e-m+fp/hard\libc_nano.a(libc_a-memcpy-stub.o)
                0x08003254                memcpy
 .text._realloc_r
                0x08003270       0x5c E:/ASUS/STM32CubeIDE_1.13.2/STM32CubeIDE/plugins/com.st.stm32cube.ide.mcu.externaltools.gnu-tools-for-stm32.14.3.rel1.win32_1.0.100.202602081740/tools/bin/../lib/gcc/arm-none-eabi/14.3.1/../../../../arm-none-eabi/lib/thumb/v7e-m+fp/hard\libc_nano.a(libc_a-reallocr.o)
                0x08003270                _realloc_r
 .text._malloc_usable_size_r
                0x080032cc       0x10 E:/ASUS/STM32CubeIDE_1.13.2/STM32CubeIDE/plugins/com.st.stm32cube.ide.mcu.externaltools.gnu-tools-for-stm32.14.3.rel1.win32_1.0.100.202602081740/tools/bin/../lib/gcc/arm-none-eabi/14.3.1/../../../../arm-none-eabi/lib/thumb/v7e-m+fp/hard\libc_nano.a(libc_a-msizer.o)
                0x080032cc                _malloc_usable_size_r
 *(.glue_7)
 .glue_7        0x080032dc        0x0 linker stubs
 *(.glue_7t)
 .glue_7t       0x080032dc        0x0 linker stubs
 *(.eh_frame)
 .eh_frame      0x080032dc        0x0 E:/ASUS/STM32CubeIDE_1.13.2/STM32CubeIDE/plugins/com.st.stm32cube.ide.mcu.externaltools.gnu-tools-for-stm32.14.3.rel1.win32_1.0.100.202602081740/tools/bin/../lib/gcc/arm-none-eabi/14.3.1/thumb/v7e-m+fp/hard/crtbegin.o
 *(.init)
 .init          0x080032dc        0x4 E:/ASUS/STM32CubeIDE_1.13.2/STM32CubeIDE/plugins/com.st.stm32cube.ide.mcu.externaltools.gnu-tools-for-stm32.14.3.rel1.win32_1.0.100.202602081740/tools/bin/../lib/gcc/arm-none-eabi/14.3.1/thumb/v7e-m+fp/hard/crti.o
                0x080032dc                _init
 .init          0x080032e0        0x8 E:/ASUS/STM32CubeIDE_1.13.2/STM32CubeIDE/plugins/com.st.stm32cube.ide.mcu.externaltools.gnu-tools-for-stm32.14.3.rel1.win32_1.0.100.202602081740/tools/bin/../lib/gcc/arm-none-eabi/14.3.1/thumb/v7e-m+fp/hard/crtn.o
 *(.fini)
 .fini          0x080032e8        0x4 E:/ASUS/STM32CubeIDE_1.13.2/STM32CubeIDE/plugins/com.st.stm32cube.ide.mcu.externaltools.gnu-tools-for-stm32.14.3.rel1.win32_1.0.100.202602081740/tools/bin/../lib/gcc/arm-none-eabi/14.3.1/thumb/v7e-m+fp/hard/crti.o
                0x080032e8                _fini
 .fini          0x080032ec        0x8 E:/ASUS/STM32CubeIDE_1.13.2/STM32CubeIDE/plugins/com.st.stm32cube.ide.mcu.externaltools.gnu-tools-for-stm32.14.3.rel1.win32_1.0.100.202602081740/tools/bin/../lib/gcc/arm-none-eabi/14.3.1/thumb/v7e-m+fp/hard/crtn.o
                0x080032f4                        . = ALIGN (0x4)
                0x080032f4                        _etext = .

.vfp11_veneer   0x080032f4        0x0
 .vfp11_veneer  0x080032f4        0x0 linker stubs

.v4_bx          0x080032f4        0x0
 .v4_bx         0x080032f4        0x0 linker stubs

.iplt           0x080032f4        0x0
 .iplt          0x080032f4        0x0 E:/ASUS/STM32CubeIDE_1.13.2/STM32CubeIDE/plugins/com.st.stm32cube.ide.mcu.externaltools.gnu-tools-for-stm32.14.3.rel1.win32_1.0.100.202602081740/tools/bin/../lib/gcc/arm-none-eabi/14.3.1/thumb/v7e-m+fp/hard/crtbegin.o

.rodata         0x080032f4       0xd8
                0x080032f4                        . = ALIGN (0x4)
 *(.rodata)
 .rodata        0x080032f4       0x94 ./Source/App/app_main.o
 *(.rodata*)
 .rodata.AHBPrescTable
                0x08003388       0x10 ./Core/Src/system_stm32f4xx.o
                0x08003388                AHBPrescTable
 .rodata._svfprintf_r.str1.1
                0x08003398       0x33 E:/ASUS/STM32CubeIDE_1.13.2/STM32CubeIDE/plugins/com.st.stm32cube.ide.mcu.externaltools.gnu-tools-for-stm32.14.3.rel1.win32_1.0.100.202602081740/tools/bin/../lib/gcc/arm-none-eabi/14.3.1/../../../../arm-none-eabi/lib/thumb/v7e-m+fp/hard\libc_nano.a(libc_a-nano-svfprintf.o)
                                 0x11 (size before relaxing)
 .rodata._printf_i.str1.1
                0x080033cb       0x22 E:/ASUS/STM32CubeIDE_1.13.2/STM32CubeIDE/plugins/com.st.stm32cube.ide.mcu.externaltools.gnu-tools-for-stm32.14.3.rel1.win32_1.0.100.202602081740/tools/bin/../lib/gcc/arm-none-eabi/14.3.1/../../../../arm-none-eabi/lib/thumb/v7e-m+fp/hard\libc_nano.a(libc_a-nano-vfprintf_i.o)
                0x080033f0                        . = ALIGN (0x4)
 *fill*         0x080033cb        0x1 

.ARM.extab      0x080033cc        0x0
                0x080033cc                        . = ALIGN (0x4)
 *(.ARM.extab* .gnu.linkonce.armextab.*)
                0x080033cc                        . = ALIGN (0x4)

.ARM            0x080033cc        0x8
                0x080033cc                        . = ALIGN (0x4)
                0x080033cc                        __exidx_start = .
 *(.ARM.exidx*)
 .ARM.exidx     0x080033cc        0x8 E:/ASUS/STM32CubeIDE_1.13.2/STM32CubeIDE/plugins/com.st.stm32cube.ide.mcu.externaltools.gnu-tools-for-stm32.14.3.rel1.win32_1.0.100.202602081740/tools/bin/../lib/gcc/arm-none-eabi/14.3.1/../../../../arm-none-eabi/lib/thumb/v7e-m+fp/hard\libc_nano.a(libc_a-memchr.o)
                0x080033d4                        __exidx_end = .
                0x080033d4                        . = ALIGN (0x4)

.preinit_array  0x080033d4        0x0
                0x080033d4                        . = ALIGN (0x4)
                0x080033d4                        PROVIDE (__preinit_array_start = .)
 *(.preinit_array*)
                0x080033d4                        PROVIDE (__preinit_array_end = .)
                0x080033d4                        . = ALIGN (0x4)

.init_array     0x080033d4        0x4
                0x080033d4                        . = ALIGN (0x4)
                0x080033d4                        PROVIDE (__init_array_start = .)
 *(SORT_BY_NAME(.init_array.*))
 *(.init_array*)
 .init_array    0x080033d4        0x4 E:/ASUS/STM32CubeIDE_1.13.2/STM32CubeIDE/plugins/com.st.stm32cube.ide.mcu.externaltools.gnu-tools-for-stm32.14.3.rel1.win32_1.0.100.202602081740/tools/bin/../lib/gcc/arm-none-eabi/14.3.1/thumb/v7e-m+fp/hard/crtbegin.o
                0x080033d8                        PROVIDE (__init_array_end = .)
                0x080033d8                        . = ALIGN (0x4)

.fini_array     0x080033d8        0x4
                0x080033d8                        . = ALIGN (0x4)
                [!provide]                        PROVIDE (__fini_array_start = .)
 *(SORT_BY_NAME(.fini_array.*))
 *(.fini_array*)
 .fini_array    0x080033d8        0x4 E:/ASUS/STM32CubeIDE_1.13.2/STM32CubeIDE/plugins/com.st.stm32cube.ide.mcu.externaltools.gnu-tools-for-stm32.14.3.rel1.win32_1.0.100.202602081740/tools/bin/../lib/gcc/arm-none-eabi/14.3.1/thumb/v7e-m+fp/hard/crtbegin.o
                [!provide]                        PROVIDE (__fini_array_end = .)
                0x080033dc                        . = ALIGN (0x4)
                0x080033dc                        _sidata = LOADADDR (.data)

.rel.dyn        0x080033dc        0x0
 .rel.iplt      0x080033dc        0x0 E:/ASUS/STM32CubeIDE_1.13.2/STM32CubeIDE/plugins/com.st.stm32cube.ide.mcu.externaltools.gnu-tools-for-stm32.14.3.rel1.win32_1.0.100.202602081740/tools/bin/../lib/gcc/arm-none-eabi/14.3.1/thumb/v7e-m+fp/hard/crtbegin.o

.data           0x20000000       0xa0 load address 0x080033dc
                0x20000000                        . = ALIGN (0x4)
                0x20000000                        _sdata = .
 *(.data)
 *(.data*)
 .data.SystemCoreClock
                0x20000000        0x4 ./Core/Src/system_stm32f4xx.o
                0x20000000                SystemCoreClock
 .data.setpoint_c
                0x20000004        0x2 ./Source/App/app_main.o
 .data.setpoint_edit
                0x20000006        0x2 ./Source/App/app_main.o
 .data.ds18b20_1
                0x20000008       0x14 ./Source/BSP/bsp_ds18b20.o
 .data.lcd1     0x2000001c       0x34 ./Source/BSP/bsp_lcd.o
 .data._impure_ptr
                0x20000050        0x4 E:/ASUS/STM32CubeIDE_1.13.2/STM32CubeIDE/plugins/com.st.stm32cube.ide.mcu.externaltools.gnu-tools-for-stm32.14.3.rel1.win32_1.0.100.202602081740/tools/bin/../lib/gcc/arm-none-eabi/14.3.1/../../../../arm-none-eabi/lib/thumb/v7e-m+fp/hard\libc_nano.a(libc_a-impure.o)
                0x20000050                _impure_ptr
 .data._impure_data
                0x20000054       0x4c E:/ASUS/STM32CubeIDE_1.13.2/STM32CubeIDE/plugins/com.st.stm32cube.ide.mcu.externaltools.gnu-tools-for-stm32.14.3.rel1.win32_1.0.100.202602081740/tools/bin/../lib/gcc/arm-none-eabi/14.3.1/../../../../arm-none-eabi/lib/thumb/v7e-m+fp/hard\libc_nano.a(libc_a-impure.o)
                0x20000054                _impure_data
 *(.RamFunc)
 *(.RamFunc*)
                0x200000a0                        . = ALIGN (0x4)
                0x200000a0                        _edata = .

.igot.plt       0x200000a0        0x0 load address 0x0800347c
 .igot.plt      0x200000a0        0x0 E:/ASUS/STM32CubeIDE_1.13.2/STM32CubeIDE/plugins/com.st.stm32cube.ide.mcu.externaltools.gnu-tools-for-stm32.14.3.rel1.win32_1.0.100.202602081740/tools/bin/../lib/gcc/arm-none-eabi/14.3.1/thumb/v7e-m+fp/hard/crtbegin.o
                0x200000a0                        . = ALIGN (0x4)

.bss            0x200000a0      0x194 load address 0x0800347c
                0x200000a0                        _sbss = .
                0x200000a0                        __bss_start__ = _sbss
 *(.bss)
 .bss           0x200000a0       0x1c E:/ASUS/STM32CubeIDE_1.13.2/STM32CubeIDE/plugins/com.st.stm32cube.ide.mcu.externaltools.gnu-tools-for-stm32.14.3.rel1.win32_1.0.100.202602081740/tools/bin/../lib/gcc/arm-none-eabi/14.3.1/thumb/v7e-m+fp/hard/crtbegin.o
 *(.bss*)
 .bss.__sbrk_heap_end
                0x200000bc        0x4 ./Core/Src/sysmem.o
 .bss.app_state
                0x200000c0        0x1 ./Source/App/app_main.o
 *fill*         0x200000c1        0x3 
 .bss.temp_read_tick
                0x200000c4        0x4 ./Source/App/app_main.o
 .bss.current_temp_c
                0x200000c8        0x2 ./Source/App/app_main.o
 .bss.current_temp_valid
                0x200000ca        0x1 ./Source/App/app_main.o
 .bss.ds18b20_ready
                0x200000cb        0x1 ./Source/App/app_main.o
 .bss.lcd_update
                0x200000cc        0x1 ./Source/App/app_main.o
 .bss.button_events
                0x200000cd        0x1 ./Source/BSP/bsp_button.o
 *fill*         0x200000ce        0x2 
 .bss.sleep_last_ms
                0x200000d0        0x4 ./Source/BSP/bsp_button.o
 .bss.up_last_ms
                0x200000d4        0x4 ./Source/BSP/bsp_button.o
 .bss.down_last_ms
                0x200000d8        0x4 ./Source/BSP/bsp_button.o
 .bss.set_last_ms
                0x200000dc        0x4 ./Source/BSP/bsp_button.o
 .bss.fan_status
                0x200000e0        0x1 ./Source/BSP/bsp_fan.o
 *fill*         0x200000e1        0x3 
 .bss.delay_tick_ms
                0x200000e4        0x4 ./Source/Components/delay/delay.o
 .bss.delay_is_initialized
                0x200000e8        0x1 ./Source/Components/delay/delay.o
 .bss.delay_dwt_ready
                0x200000e9        0x1 ./Source/Components/delay/delay.o
 *fill*         0x200000ea        0x2 
 .bss.__sf      0x200000ec      0x138 E:/ASUS/STM32CubeIDE_1.13.2/STM32CubeIDE/plugins/com.st.stm32cube.ide.mcu.externaltools.gnu-tools-for-stm32.14.3.rel1.win32_1.0.100.202602081740/tools/bin/../lib/gcc/arm-none-eabi/14.3.1/../../../../arm-none-eabi/lib/thumb/v7e-m+fp/hard\libc_nano.a(libc_a-findfp.o)
                0x200000ec                __sf
 .bss.errno     0x20000224        0x4 E:/ASUS/STM32CubeIDE_1.13.2/STM32CubeIDE/plugins/com.st.stm32cube.ide.mcu.externaltools.gnu-tools-for-stm32.14.3.rel1.win32_1.0.100.202602081740/tools/bin/../lib/gcc/arm-none-eabi/14.3.1/../../../../arm-none-eabi/lib/thumb/v7e-m+fp/hard\libc_nano.a(libc_a-reent.o)
                0x20000224                errno
 .bss.__lock___malloc_recursive_mutex
                0x20000228        0x1 E:/ASUS/STM32CubeIDE_1.13.2/STM32CubeIDE/plugins/com.st.stm32cube.ide.mcu.externaltools.gnu-tools-for-stm32.14.3.rel1.win32_1.0.100.202602081740/tools/bin/../lib/gcc/arm-none-eabi/14.3.1/../../../../arm-none-eabi/lib/thumb/v7e-m+fp/hard\libc_nano.a(libc_a-lock.o)
                0x20000228                __lock___malloc_recursive_mutex
 *fill*         0x20000229        0x3 
 .bss.__malloc_sbrk_start
                0x2000022c        0x4 E:/ASUS/STM32CubeIDE_1.13.2/STM32CubeIDE/plugins/com.st.stm32cube.ide.mcu.externaltools.gnu-tools-for-stm32.14.3.rel1.win32_1.0.100.202602081740/tools/bin/../lib/gcc/arm-none-eabi/14.3.1/../../../../arm-none-eabi/lib/thumb/v7e-m+fp/hard\libc_nano.a(libc_a-mallocr.o)
                0x2000022c                __malloc_sbrk_start
 .bss.__malloc_free_list
                0x20000230        0x4 E:/ASUS/STM32CubeIDE_1.13.2/STM32CubeIDE/plugins/com.st.stm32cube.ide.mcu.externaltools.gnu-tools-for-stm32.14.3.rel1.win32_1.0.100.202602081740/tools/bin/../lib/gcc/arm-none-eabi/14.3.1/../../../../arm-none-eabi/lib/thumb/v7e-m+fp/hard\libc_nano.a(libc_a-mallocr.o)
                0x20000230                __malloc_free_list
 *(COMMON)
                0x20000234                        . = ALIGN (0x4)
                0x20000234                        _ebss = .
                0x20000234                        __bss_end__ = _ebss

._user_heap_stack
                0x20000234      0x604 load address 0x0800347c
                0x20000238                        . = ALIGN (0x8)
 *fill*         0x20000234        0x4 
                [!provide]                        PROVIDE (end = .)
                0x20000238                        PROVIDE (_end = .)
                0x20000438                        . = (. + _Min_Heap_Size)
 *fill*         0x20000238      0x200 
                0x20000838                        . = (. + _Min_Stack_Size)
 *fill*         0x20000438      0x400 
                0x20000838                        . = ALIGN (0x8)

/DISCARD/
 libc.a(*)
 libm.a(*)
 libgcc.a(*)

.ARM.attributes
                0x00000000       0x30
 *(.ARM.attributes)
 .ARM.attributes
                0x00000000       0x22 E:/ASUS/STM32CubeIDE_1.13.2/STM32CubeIDE/plugins/com.st.stm32cube.ide.mcu.externaltools.gnu-tools-for-stm32.14.3.rel1.win32_1.0.100.202602081740/tools/bin/../lib/gcc/arm-none-eabi/14.3.1/thumb/v7e-m+fp/hard/crti.o
 .ARM.attributes
                0x00000022       0x34 E:/ASUS/STM32CubeIDE_1.13.2/STM32CubeIDE/plugins/com.st.stm32cube.ide.mcu.externaltools.gnu-tools-for-stm32.14.3.rel1.win32_1.0.100.202602081740/tools/bin/../lib/gcc/arm-none-eabi/14.3.1/thumb/v7e-m+fp/hard/crtbegin.o
 .ARM.attributes
                0x00000056       0x34 ./Core/Src/main.o
 .ARM.attributes
                0x0000008a       0x34 ./Core/Src/stm32f4xx_it.o
 .ARM.attributes
                0x000000be       0x34 ./Core/Src/sysmem.o
 .ARM.attributes
                0x000000f2       0x34 ./Core/Src/system_stm32f4xx.o
 .ARM.attributes
                0x00000126       0x21 ./Core/Startup/startup_stm32f401ceux.o
 .ARM.attributes
                0x00000147       0x34 ./Drivers/STM32F4xx_HAL_Driver/Src/stm32f4xx_ll_exti.o
 .ARM.attributes
                0x0000017b       0x34 ./Drivers/STM32F4xx_HAL_Driver/Src/stm32f4xx_ll_gpio.o
 .ARM.attributes
                0x000001af       0x34 ./Drivers/STM32F4xx_HAL_Driver/Src/stm32f4xx_ll_utils.o
 .ARM.attributes
                0x000001e3       0x34 ./Source/App/app_main.o
 .ARM.attributes
                0x00000217       0x34 ./Source/BSP/bsp_button.o
 .ARM.attributes
                0x0000024b       0x34 ./Source/BSP/bsp_ds18b20.o
 .ARM.attributes
                0x0000027f       0x34 ./Source/BSP/bsp_fan.o
 .ARM.attributes
                0x000002b3       0x34 ./Source/BSP/bsp_lcd.o
 .ARM.attributes
                0x000002e7       0x34 ./Source/Components/delay/delay.o
 .ARM.attributes
                0x0000031b       0x34 ./Source/Components/ds18b20/ds18b20.o
 .ARM.attributes
                0x0000034f       0x34 ./Source/Components/lcd1602/lcd1602.o
 .ARM.attributes
                0x00000383       0x34 E:/ASUS/STM32CubeIDE_1.13.2/STM32CubeIDE/plugins/com.st.stm32cube.ide.mcu.externaltools.gnu-tools-for-stm32.14.3.rel1.win32_1.0.100.202602081740/tools/bin/../lib/gcc/arm-none-eabi/14.3.1/../../../../arm-none-eabi/lib/thumb/v7e-m+fp/hard\libc_nano.a(libc_a-findfp.o)
 .ARM.attributes
                0x000003b7       0x34 E:/ASUS/STM32CubeIDE_1.13.2/STM32CubeIDE/plugins/com.st.stm32cube.ide.mcu.externaltools.gnu-tools-for-stm32.14.3.rel1.win32_1.0.100.202602081740/tools/bin/../lib/gcc/arm-none-eabi/14.3.1/../../../../arm-none-eabi/lib/thumb/v7e-m+fp/hard\libc_nano.a(libc_a-snprintf.o)
 .ARM.attributes
                0x000003eb       0x34 E:/ASUS/STM32CubeIDE_1.13.2/STM32CubeIDE/plugins/com.st.stm32cube.ide.mcu.externaltools.gnu-tools-for-stm32.14.3.rel1.win32_1.0.100.202602081740/tools/bin/../lib/gcc/arm-none-eabi/14.3.1/../../../../arm-none-eabi/lib/thumb/v7e-m+fp/hard\libc_nano.a(libc_a-reent.o)
 .ARM.attributes
                0x0000041f       0x34 E:/ASUS/STM32CubeIDE_1.13.2/STM32CubeIDE/plugins/com.st.stm32cube.ide.mcu.externaltools.gnu-tools-for-stm32.14.3.rel1.win32_1.0.100.202602081740/tools/bin/../lib/gcc/arm-none-eabi/14.3.1/../../../../arm-none-eabi/lib/thumb/v7e-m+fp/hard\libc_nano.a(libc_a-impure.o)
 .ARM.attributes
                0x00000453       0x34 E:/ASUS/STM32CubeIDE_1.13.2/STM32CubeIDE/plugins/com.st.stm32cube.ide.mcu.externaltools.gnu-tools-for-stm32.14.3.rel1.win32_1.0.100.202602081740/tools/bin/../lib/gcc/arm-none-eabi/14.3.1/../../../../arm-none-eabi/lib/thumb/v7e-m+fp/hard\libc_nano.a(libc_a-errno.o)
 .ARM.attributes
                0x00000487       0x34 E:/ASUS/STM32CubeIDE_1.13.2/STM32CubeIDE/plugins/com.st.stm32cube.ide.mcu.externaltools.gnu-tools-for-stm32.14.3.rel1.win32_1.0.100.202602081740/tools/bin/../lib/gcc/arm-none-eabi/14.3.1/../../../../arm-none-eabi/lib/thumb/v7e-m+fp/hard\libc_nano.a(libc_a-init.o)
 .ARM.attributes
                0x000004bb       0x34 E:/ASUS/STM32CubeIDE_1.13.2/STM32CubeIDE/plugins/com.st.stm32cube.ide.mcu.externaltools.gnu-tools-for-stm32.14.3.rel1.win32_1.0.100.202602081740/tools/bin/../lib/gcc/arm-none-eabi/14.3.1/../../../../arm-none-eabi/lib/thumb/v7e-m+fp/hard\libc_nano.a(libc_a-lock.o)
 .ARM.attributes
                0x000004ef       0x34 E:/ASUS/STM32CubeIDE_1.13.2/STM32CubeIDE/plugins/com.st.stm32cube.ide.mcu.externaltools.gnu-tools-for-stm32.14.3.rel1.win32_1.0.100.202602081740/tools/bin/../lib/gcc/arm-none-eabi/14.3.1/../../../../arm-none-eabi/lib/thumb/v7e-m+fp/hard\libc_nano.a(libc_a-freer.o)
 .ARM.attributes
                0x00000523       0x34 E:/ASUS/STM32CubeIDE_1.13.2/STM32CubeIDE/plugins/com.st.stm32cube.ide.mcu.externaltools.gnu-tools-for-stm32.14.3.rel1.win32_1.0.100.202602081740/tools/bin/../lib/gcc/arm-none-eabi/14.3.1/../../../../arm-none-eabi/lib/thumb/v7e-m+fp/hard\libc_nano.a(libc_a-mallocr.o)
 .ARM.attributes
                0x00000557       0x34 E:/ASUS/STM32CubeIDE_1.13.2/STM32CubeIDE/plugins/com.st.stm32cube.ide.mcu.externaltools.gnu-tools-for-stm32.14.3.rel1.win32_1.0.100.202602081740/tools/bin/../lib/gcc/arm-none-eabi/14.3.1/../../../../arm-none-eabi/lib/thumb/v7e-m+fp/hard\libc_nano.a(libc_a-mlock.o)
 .ARM.attributes
                0x0000058b       0x34 E:/ASUS/STM32CubeIDE_1.13.2/STM32CubeIDE/plugins/com.st.stm32cube.ide.mcu.externaltools.gnu-tools-for-stm32.14.3.rel1.win32_1.0.100.202602081740/tools/bin/../lib/gcc/arm-none-eabi/14.3.1/../../../../arm-none-eabi/lib/thumb/v7e-m+fp/hard\libc_nano.a(libc_a-nano-svfprintf.o)
 .ARM.attributes
                0x000005bf       0x34 E:/ASUS/STM32CubeIDE_1.13.2/STM32CubeIDE/plugins/com.st.stm32cube.ide.mcu.externaltools.gnu-tools-for-stm32.14.3.rel1.win32_1.0.100.202602081740/tools/bin/../lib/gcc/arm-none-eabi/14.3.1/../../../../arm-none-eabi/lib/thumb/v7e-m+fp/hard\libc_nano.a(libc_a-nano-vfprintf_i.o)
 .ARM.attributes
                0x000005f3       0x34 E:/ASUS/STM32CubeIDE_1.13.2/STM32CubeIDE/plugins/com.st.stm32cube.ide.mcu.externaltools.gnu-tools-for-stm32.14.3.rel1.win32_1.0.100.202602081740/tools/bin/../lib/gcc/arm-none-eabi/14.3.1/../../../../arm-none-eabi/lib/thumb/v7e-m+fp/hard\libc_nano.a(libc_a-memmove.o)
 .ARM.attributes
                0x00000627       0x34 E:/ASUS/STM32CubeIDE_1.13.2/STM32CubeIDE/plugins/com.st.stm32cube.ide.mcu.externaltools.gnu-tools-for-stm32.14.3.rel1.win32_1.0.100.202602081740/tools/bin/../lib/gcc/arm-none-eabi/14.3.1/../../../../arm-none-eabi/lib/thumb/v7e-m+fp/hard\libc_nano.a(libc_a-sbrkr.o)
 .ARM.attributes
                0x0000065b       0x1c E:/ASUS/STM32CubeIDE_1.13.2/STM32CubeIDE/plugins/com.st.stm32cube.ide.mcu.externaltools.gnu-tools-for-stm32.14.3.rel1.win32_1.0.100.202602081740/tools/bin/../lib/gcc/arm-none-eabi/14.3.1/../../../../arm-none-eabi/lib/thumb/v7e-m+fp/hard\libc_nano.a(libc_a-memchr.o)
 .ARM.attributes
                0x00000677       0x34 E:/ASUS/STM32CubeIDE_1.13.2/STM32CubeIDE/plugins/com.st.stm32cube.ide.mcu.externaltools.gnu-tools-for-stm32.14.3.rel1.win32_1.0.100.202602081740/tools/bin/../lib/gcc/arm-none-eabi/14.3.1/../../../../arm-none-eabi/lib/thumb/v7e-m+fp/hard\libc_nano.a(libc_a-memcpy-stub.o)
 .ARM.attributes
                0x000006ab       0x34 E:/ASUS/STM32CubeIDE_1.13.2/STM32CubeIDE/plugins/com.st.stm32cube.ide.mcu.externaltools.gnu-tools-for-stm32.14.3.rel1.win32_1.0.100.202602081740/tools/bin/../lib/gcc/arm-none-eabi/14.3.1/../../../../arm-none-eabi/lib/thumb/v7e-m+fp/hard\libc_nano.a(libc_a-reallocr.o)
 .ARM.attributes
                0x000006df       0x34 E:/ASUS/STM32CubeIDE_1.13.2/STM32CubeIDE/plugins/com.st.stm32cube.ide.mcu.externaltools.gnu-tools-for-stm32.14.3.rel1.win32_1.0.100.202602081740/tools/bin/../lib/gcc/arm-none-eabi/14.3.1/../../../../arm-none-eabi/lib/thumb/v7e-m+fp/hard\libc_nano.a(libc_a-msizer.o)
 .ARM.attributes
                0x00000713       0x22 E:/ASUS/STM32CubeIDE_1.13.2/STM32CubeIDE/plugins/com.st.stm32cube.ide.mcu.externaltools.gnu-tools-for-stm32.14.3.rel1.win32_1.0.100.202602081740/tools/bin/../lib/gcc/arm-none-eabi/14.3.1/thumb/v7e-m+fp/hard/crtn.o
OUTPUT(thermostat_final.elf elf32-littlearm)
LOAD linker stubs
LOAD E:/ASUS/STM32CubeIDE_1.13.2/STM32CubeIDE/plugins/com.st.stm32cube.ide.mcu.externaltools.gnu-tools-for-stm32.14.3.rel1.win32_1.0.100.202602081740/tools/bin/../lib/gcc/arm-none-eabi/14.3.1/../../../../arm-none-eabi/lib/thumb/v7e-m+fp/hard\libc.a
LOAD E:/ASUS/STM32CubeIDE_1.13.2/STM32CubeIDE/plugins/com.st.stm32cube.ide.mcu.externaltools.gnu-tools-for-stm32.14.3.rel1.win32_1.0.100.202602081740/tools/bin/../lib/gcc/arm-none-eabi/14.3.1/../../../../arm-none-eabi/lib/thumb/v7e-m+fp/hard\libm.a
LOAD E:/ASUS/STM32CubeIDE_1.13.2/STM32CubeIDE/plugins/com.st.stm32cube.ide.mcu.externaltools.gnu-tools-for-stm32.14.3.rel1.win32_1.0.100.202602081740/tools/bin/../lib/gcc/arm-none-eabi/14.3.1/thumb/v7e-m+fp/hard\libgcc.a

.debug_info     0x00000000     0x54fa
 .debug_info    0x00000000     0x10f2 ./Core/Src/main.o
 .debug_info    0x000010f2      0x27f ./Core/Src/stm32f4xx_it.o
 .debug_info    0x00001371      0x168 ./Core/Src/sysmem.o
 .debug_info    0x000014d9      0x537 ./Core/Src/system_stm32f4xx.o
 .debug_info    0x00001a10       0x30 ./Core/Startup/startup_stm32f401ceux.o
 .debug_info    0x00001a40      0x330 ./Drivers/STM32F4xx_HAL_Driver/Src/stm32f4xx_ll_exti.o
 .debug_info    0x00001d70      0x94a ./Drivers/STM32F4xx_HAL_Driver/Src/stm32f4xx_ll_gpio.o
 .debug_info    0x000026ba      0x925 ./Drivers/STM32F4xx_HAL_Driver/Src/stm32f4xx_ll_utils.o
 .debug_info    0x00002fdf      0x393 ./Source/App/app_main.o
 .debug_info    0x00003372      0x1a1 ./Source/BSP/bsp_button.o
 .debug_info    0x00003513      0x34f ./Source/BSP/bsp_ds18b20.o
 .debug_info    0x00003862      0x215 ./Source/BSP/bsp_fan.o
 .debug_info    0x00003a77      0x3cc ./Source/BSP/bsp_lcd.o
 .debug_info    0x00003e43      0x956 ./Source/Components/delay/delay.o
 .debug_info    0x00004799      0x733 ./Source/Components/ds18b20/ds18b20.o
 .debug_info    0x00004ecc      0x62e ./Source/Components/lcd1602/lcd1602.o

.debug_abbrev   0x00000000     0x1a5a
 .debug_abbrev  0x00000000      0x339 ./Core/Src/main.o
 .debug_abbrev  0x00000339      0x188 ./Core/Src/stm32f4xx_it.o
 .debug_abbrev  0x000004c1       0xbc ./Core/Src/sysmem.o
 .debug_abbrev  0x0000057d      0x11a ./Core/Src/system_stm32f4xx.o
 .debug_abbrev  0x00000697       0x24 ./Core/Startup/startup_stm32f401ceux.o
 .debug_abbrev  0x000006bb      0x159 ./Drivers/STM32F4xx_HAL_Driver/Src/stm32f4xx_ll_exti.o
 .debug_abbrev  0x00000814      0x236 ./Drivers/STM32F4xx_HAL_Driver/Src/stm32f4xx_ll_gpio.o
 .debug_abbrev  0x00000a4a      0x232 ./Drivers/STM32F4xx_HAL_Driver/Src/stm32f4xx_ll_utils.o
 .debug_abbrev  0x00000c7c      0x166 ./Source/App/app_main.o
 .debug_abbrev  0x00000de2      0x103 ./Source/BSP/bsp_button.o
 .debug_abbrev  0x00000ee5      0x1af ./Source/BSP/bsp_ds18b20.o
 .debug_abbrev  0x00001094      0x12a ./Source/BSP/bsp_fan.o
 .debug_abbrev  0x000011be      0x156 ./Source/BSP/bsp_lcd.o
 .debug_abbrev  0x00001314      0x2b9 ./Source/Components/delay/delay.o
 .debug_abbrev  0x000015cd      0x29a ./Source/Components/ds18b20/ds18b20.o
 .debug_abbrev  0x00001867      0x1f3 ./Source/Components/lcd1602/lcd1602.o

.debug_aranges  0x00000000      0x738
 .debug_aranges
                0x00000000       0xf8 ./Core/Src/main.o
 .debug_aranges
                0x000000f8       0x90 ./Core/Src/stm32f4xx_it.o
 .debug_aranges
                0x00000188       0x20 ./Core/Src/sysmem.o
 .debug_aranges
                0x000001a8       0x28 ./Core/Src/system_stm32f4xx.o
 .debug_aranges
                0x000001d0       0x28 ./Core/Startup/startup_stm32f401ceux.o
 .debug_aranges
                0x000001f8       0x70 ./Drivers/STM32F4xx_HAL_Driver/Src/stm32f4xx_ll_exti.o
 .debug_aranges
                0x00000268       0x70 ./Drivers/STM32F4xx_HAL_Driver/Src/stm32f4xx_ll_gpio.o
 .debug_aranges
                0x000002d8       0xf8 ./Drivers/STM32F4xx_HAL_Driver/Src/stm32f4xx_ll_utils.o
 .debug_aranges
                0x000003d0       0x48 ./Source/App/app_main.o
 .debug_aranges
                0x00000418       0x30 ./Source/BSP/bsp_button.o
 .debug_aranges
                0x00000448       0x50 ./Source/BSP/bsp_ds18b20.o
 .debug_aranges
                0x00000498       0x50 ./Source/BSP/bsp_fan.o
 .debug_aranges
                0x000004e8       0x50 ./Source/BSP/bsp_lcd.o
 .debug_aranges
                0x00000538       0x80 ./Source/Components/delay/delay.o
 .debug_aranges
                0x000005b8       0xd0 ./Source/Components/ds18b20/ds18b20.o
 .debug_aranges
                0x00000688       0xb0 ./Source/Components/lcd1602/lcd1602.o

.debug_rnglists
                0x00000000      0x52d
 .debug_rnglists
                0x00000000       0xb6 ./Core/Src/main.o
 .debug_rnglists
                0x000000b6       0x67 ./Core/Src/stm32f4xx_it.o
 .debug_rnglists
                0x0000011d       0x13 ./Core/Src/sysmem.o
 .debug_rnglists
                0x00000130       0x1a ./Core/Src/system_stm32f4xx.o
 .debug_rnglists
                0x0000014a       0x19 ./Core/Startup/startup_stm32f401ceux.o
 .debug_rnglists
                0x00000163       0x50 ./Drivers/STM32F4xx_HAL_Driver/Src/stm32f4xx_ll_exti.o
 .debug_rnglists
                0x000001b3       0x51 ./Drivers/STM32F4xx_HAL_Driver/Src/stm32f4xx_ll_gpio.o
 .debug_rnglists
                0x00000204       0xb8 ./Drivers/STM32F4xx_HAL_Driver/Src/stm32f4xx_ll_utils.o
 .debug_rnglists
                0x000002bc       0x35 ./Source/App/app_main.o
 .debug_rnglists
                0x000002f1       0x20 ./Source/BSP/bsp_button.o
 .debug_rnglists
                0x00000311       0x37 ./Source/BSP/bsp_ds18b20.o
 .debug_rnglists
                0x00000348       0x37 ./Source/BSP/bsp_fan.o
 .debug_rnglists
                0x0000037f       0x37 ./Source/BSP/bsp_lcd.o
 .debug_rnglists
                0x000003b6       0x5b ./Source/Components/delay/delay.o
 .debug_rnglists
                0x00000411       0x99 ./Source/Components/ds18b20/ds18b20.o
 .debug_rnglists
                0x000004aa       0x83 ./Source/Components/lcd1602/lcd1602.o

.debug_macro    0x00000000    0x10ab6
 .debug_macro   0x00000000      0x13e ./Core/Src/main.o
 .debug_macro   0x0000013e      0xb1a ./Core/Src/main.o
 .debug_macro   0x00000c58       0x2e ./Core/Src/main.o
 .debug_macro   0x00000c86       0x28 ./Core/Src/main.o
 .debug_macro   0x00000cae       0x22 ./Core/Src/main.o
 .debug_macro   0x00000cd0       0x8e ./Core/Src/main.o
 .debug_macro   0x00000d5e       0x51 ./Core/Src/main.o
 .debug_macro   0x00000daf      0x103 ./Core/Src/main.o
 .debug_macro   0x00000eb2       0x6a ./Core/Src/main.o
 .debug_macro   0x00000f1c      0x1df ./Core/Src/main.o
 .debug_macro   0x000010fb       0x1c ./Core/Src/main.o
 .debug_macro   0x00001117       0x22 ./Core/Src/main.o
 .debug_macro   0x00001139       0xfb ./Core/Src/main.o
 .debug_macro   0x00001234     0x1011 ./Core/Src/main.o
 .debug_macro   0x00002245      0x11f ./Core/Src/main.o
 .debug_macro   0x00002364     0xb881 ./Core/Src/main.o
 .debug_macro   0x0000dbe5       0x6d ./Core/Src/main.o
 .debug_macro   0x0000dc52      0x782 ./Core/Src/main.o
 .debug_macro   0x0000e3d4      0x116 ./Core/Src/main.o
 .debug_macro   0x0000e4ea      0x1ab ./Core/Src/main.o
 .debug_macro   0x0000e695       0xe8 ./Core/Src/main.o
 .debug_macro   0x0000e77d      0x1a6 ./Core/Src/main.o
 .debug_macro   0x0000e923       0x61 ./Core/Src/main.o
 .debug_macro   0x0000e984       0xbc ./Core/Src/main.o
 .debug_macro   0x0000ea40      0x1e6 ./Core/Src/main.o
 .debug_macro   0x0000ec26      0x149 ./Core/Src/main.o
 .debug_macro   0x0000ed6f       0x22 ./Core/Src/main.o
 .debug_macro   0x0000ed91      0x15b ./Core/Src/stm32f4xx_it.o
 .debug_macro   0x0000eeec       0x28 ./Core/Src/stm32f4xx_it.o
 .debug_macro   0x0000ef14      0x112 ./Core/Src/sysmem.o
 .debug_macro   0x0000f026      0x23c ./Core/Src/sysmem.o
 .debug_macro   0x0000f262       0xce ./Core/Src/system_stm32f4xx.o
 .debug_macro   0x0000f330       0xf5 ./Drivers/STM32F4xx_HAL_Driver/Src/stm32f4xx_ll_exti.o
 .debug_macro   0x0000f425       0xe2 ./Drivers/STM32F4xx_HAL_Driver/Src/stm32f4xx_ll_exti.o
 .debug_macro   0x0000f507      0x110 ./Drivers/STM32F4xx_HAL_Driver/Src/stm32f4xx_ll_gpio.o
 .debug_macro   0x0000f617      0x143 ./Drivers/STM32F4xx_HAL_Driver/Src/stm32f4xx_ll_gpio.o
 .debug_macro   0x0000f75a      0x190 ./Drivers/STM32F4xx_HAL_Driver/Src/stm32f4xx_ll_utils.o
 .debug_macro   0x0000f8ea       0x5b ./Drivers/STM32F4xx_HAL_Driver/Src/stm32f4xx_ll_utils.o
 .debug_macro   0x0000f945      0x788 ./Drivers/STM32F4xx_HAL_Driver/Src/stm32f4xx_ll_utils.o
 .debug_macro   0x000100cd      0x197 ./Source/App/app_main.o
 .debug_macro   0x00010264       0x61 ./Source/App/app_main.o
 .debug_macro   0x000102c5       0x16 ./Source/App/app_main.o
 .debug_macro   0x000102db       0x16 ./Source/App/app_main.o
 .debug_macro   0x000102f1      0x114 ./Source/BSP/bsp_button.o
 .debug_macro   0x00010405       0x22 ./Source/BSP/bsp_button.o
 .debug_macro   0x00010427       0xfb ./Source/BSP/bsp_ds18b20.o
 .debug_macro   0x00010522       0xf3 ./Source/BSP/bsp_fan.o
 .debug_macro   0x00010615      0x148 ./Source/BSP/bsp_lcd.o
 .debug_macro   0x0001075d       0xd8 ./Source/Components/delay/delay.o
 .debug_macro   0x00010835      0x121 ./Source/Components/ds18b20/ds18b20.o
 .debug_macro   0x00010956      0x160 ./Source/Components/lcd1602/lcd1602.o

.debug_line     0x00000000     0x75ea
 .debug_line    0x00000000      0xb8a ./Core/Src/main.o
 .debug_line    0x00000b8a      0x835 ./Core/Src/stm32f4xx_it.o
 .debug_line    0x000013bf      0x59c ./Core/Src/sysmem.o
 .debug_line    0x0000195b      0x576 ./Core/Src/system_stm32f4xx.o
 .debug_line    0x00001ed1       0x7a ./Core/Startup/startup_stm32f401ceux.o
 .debug_line    0x00001f4b      0x69d ./Drivers/STM32F4xx_HAL_Driver/Src/stm32f4xx_ll_exti.o
 .debug_line    0x000025e8      0x8df ./Drivers/STM32F4xx_HAL_Driver/Src/stm32f4xx_ll_gpio.o
 .debug_line    0x00002ec7      0xa0f ./Drivers/STM32F4xx_HAL_Driver/Src/stm32f4xx_ll_utils.o
 .debug_line    0x000038d6      0x89d ./Source/App/app_main.o
 .debug_line    0x00004173      0x668 ./Source/BSP/bsp_button.o
 .debug_line    0x000047db      0x667 ./Source/BSP/bsp_ds18b20.o
 .debug_line    0x00004e42      0x5d7 ./Source/BSP/bsp_fan.o
 .debug_line    0x00005419      0x6da ./Source/BSP/bsp_lcd.o
 .debug_line    0x00005af3      0x77a ./Source/Components/delay/delay.o
 .debug_line    0x0000626d      0xa9e ./Source/Components/ds18b20/ds18b20.o
 .debug_line    0x00006d0b      0x8df ./Source/Components/lcd1602/lcd1602.o

.debug_str      0x00000000    0x5fa34
 .debug_str     0x00000000    0x5fa34 ./Core/Src/main.o
                              0x58dd2 (size before relaxing)
 .debug_str     0x0005fa34    0x585ca ./Core/Src/stm32f4xx_it.o
 .debug_str     0x0005fa34     0x77df ./Core/Src/sysmem.o
 .debug_str     0x0005fa34    0x4fb06 ./Core/Src/system_stm32f4xx.o
 .debug_str     0x0005fa34       0x6e ./Core/Startup/startup_stm32f401ceux.o
 .debug_str     0x0005fa34    0x5019a ./Drivers/STM32F4xx_HAL_Driver/Src/stm32f4xx_ll_exti.o
 .debug_str     0x0005fa34    0x50fe5 ./Drivers/STM32F4xx_HAL_Driver/Src/stm32f4xx_ll_gpio.o
 .debug_str     0x0005fa34    0x564d8 ./Drivers/STM32F4xx_HAL_Driver/Src/stm32f4xx_ll_utils.o
 .debug_str     0x0005fa34     0x7d3e ./Source/App/app_main.o
 .debug_str     0x0005fa34    0x50001 ./Source/BSP/bsp_button.o
 .debug_str     0x0005fa34    0x502fd ./Source/BSP/bsp_ds18b20.o
 .debug_str     0x0005fa34    0x50198 ./Source/BSP/bsp_fan.o
 .debug_str     0x0005fa34    0x5856f ./Source/BSP/bsp_lcd.o
 .debug_str     0x0005fa34    0x5003f ./Source/Components/delay/delay.o
 .debug_str     0x0005fa34    0x504c6 ./Source/Components/ds18b20/ds18b20.o
 .debug_str     0x0005fa34    0x507ce ./Source/Components/lcd1602/lcd1602.o

.comment        0x00000000       0x43
 .comment       0x00000000       0x43 ./Core/Src/main.o
                                 0x44 (size before relaxing)
 .comment       0x00000043       0x44 ./Core/Src/stm32f4xx_it.o
 .comment       0x00000043       0x44 ./Core/Src/sysmem.o
 .comment       0x00000043       0x44 ./Core/Src/system_stm32f4xx.o
 .comment       0x00000043       0x44 ./Drivers/STM32F4xx_HAL_Driver/Src/stm32f4xx_ll_exti.o
 .comment       0x00000043       0x44 ./Drivers/STM32F4xx_HAL_Driver/Src/stm32f4xx_ll_gpio.o
 .comment       0x00000043       0x44 ./Drivers/STM32F4xx_HAL_Driver/Src/stm32f4xx_ll_utils.o
 .comment       0x00000043       0x44 ./Source/App/app_main.o
 .comment       0x00000043       0x44 ./Source/BSP/bsp_button.o
 .comment       0x00000043       0x44 ./Source/BSP/bsp_ds18b20.o
 .comment       0x00000043       0x44 ./Source/BSP/bsp_fan.o
 .comment       0x00000043       0x44 ./Source/BSP/bsp_lcd.o
 .comment       0x00000043       0x44 ./Source/Components/delay/delay.o
 .comment       0x00000043       0x44 ./Source/Components/ds18b20/ds18b20.o
 .comment       0x00000043       0x44 ./Source/Components/lcd1602/lcd1602.o

.debug_frame    0x00000000     0x1e54
 .debug_frame   0x00000000      0x3bc ./Core/Src/main.o
 .debug_frame   0x000003bc      0x1b0 ./Core/Src/stm32f4xx_it.o
 .debug_frame   0x0000056c       0x34 ./Core/Src/sysmem.o
 .debug_frame   0x000005a0       0x50 ./Core/Src/system_stm32f4xx.o
 .debug_frame   0x000005f0      0x194 ./Drivers/STM32F4xx_HAL_Driver/Src/stm32f4xx_ll_exti.o
 .debug_frame   0x00000784      0x19c ./Drivers/STM32F4xx_HAL_Driver/Src/stm32f4xx_ll_gpio.o
 .debug_frame   0x00000920      0x3a0 ./Drivers/STM32F4xx_HAL_Driver/Src/stm32f4xx_ll_utils.o
 .debug_frame   0x00000cc0       0xe4 ./Source/App/app_main.o
 .debug_frame   0x00000da4       0x74 ./Source/BSP/bsp_button.o
 .debug_frame   0x00000e18       0xdc ./Source/BSP/bsp_ds18b20.o
 .debug_frame   0x00000ef4       0xe4 ./Source/BSP/bsp_fan.o
 .debug_frame   0x00000fd8       0xec ./Source/BSP/bsp_lcd.o
 .debug_frame   0x000010c4      0x1c4 ./Source/Components/delay/delay.o
 .debug_frame   0x00001288      0x350 ./Source/Components/ds18b20/ds18b20.o
 .debug_frame   0x000015d8      0x2bc ./Source/Components/lcd1602/lcd1602.o
 .debug_frame   0x00001894      0x144 E:/ASUS/STM32CubeIDE_1.13.2/STM32CubeIDE/plugins/com.st.stm32cube.ide.mcu.externaltools.gnu-tools-for-stm32.14.3.rel1.win32_1.0.100.202602081740/tools/bin/../lib/gcc/arm-none-eabi/14.3.1/../../../../arm-none-eabi/lib/thumb/v7e-m+fp/hard\libc_nano.a(libc_a-findfp.o)
 .debug_frame   0x000019d8       0x7c E:/ASUS/STM32CubeIDE_1.13.2/STM32CubeIDE/plugins/com.st.stm32cube.ide.mcu.externaltools.gnu-tools-for-stm32.14.3.rel1.win32_1.0.100.202602081740/tools/bin/../lib/gcc/arm-none-eabi/14.3.1/../../../../arm-none-eabi/lib/thumb/v7e-m+fp/hard\libc_nano.a(libc_a-snprintf.o)
 .debug_frame   0x00001a54       0x38 E:/ASUS/STM32CubeIDE_1.13.2/STM32CubeIDE/plugins/com.st.stm32cube.ide.mcu.externaltools.gnu-tools-for-stm32.14.3.rel1.win32_1.0.100.202602081740/tools/bin/../lib/gcc/arm-none-eabi/14.3.1/../../../../arm-none-eabi/lib/thumb/v7e-m+fp/hard\libc_nano.a(libc_a-reent.o)
 .debug_frame   0x00001a8c       0x20 E:/ASUS/STM32CubeIDE_1.13.2/STM32CubeIDE/plugins/com.st.stm32cube.ide.mcu.externaltools.gnu-tools-for-stm32.14.3.rel1.win32_1.0.100.202602081740/tools/bin/../lib/gcc/arm-none-eabi/14.3.1/../../../../arm-none-eabi/lib/thumb/v7e-m+fp/hard\libc_nano.a(libc_a-errno.o)
 .debug_frame   0x00001aac       0x2c E:/ASUS/STM32CubeIDE_1.13.2/STM32CubeIDE/plugins/com.st.stm32cube.ide.mcu.externaltools.gnu-tools-for-stm32.14.3.rel1.win32_1.0.100.202602081740/tools/bin/../lib/gcc/arm-none-eabi/14.3.1/../../../../arm-none-eabi/lib/thumb/v7e-m+fp/hard\libc_nano.a(libc_a-init.o)
 .debug_frame   0x00001ad8       0xb0 E:/ASUS/STM32CubeIDE_1.13.2/STM32CubeIDE/plugins/com.st.stm32cube.ide.mcu.externaltools.gnu-tools-for-stm32.14.3.rel1.win32_1.0.100.202602081740/tools/bin/../lib/gcc/arm-none-eabi/14.3.1/../../../../arm-none-eabi/lib/thumb/v7e-m+fp/hard\libc_nano.a(libc_a-lock.o)
 .debug_frame   0x00001b88       0x38 E:/ASUS/STM32CubeIDE_1.13.2/STM32CubeIDE/plugins/com.st.stm32cube.ide.mcu.externaltools.gnu-tools-for-stm32.14.3.rel1.win32_1.0.100.202602081740/tools/bin/../lib/gcc/arm-none-eabi/14.3.1/../../../../arm-none-eabi/lib/thumb/v7e-m+fp/hard\libc_nano.a(libc_a-freer.o)
 .debug_frame   0x00001bc0       0x50 E:/ASUS/STM32CubeIDE_1.13.2/STM32CubeIDE/plugins/com.st.stm32cube.ide.mcu.externaltools.gnu-tools-for-stm32.14.3.rel1.win32_1.0.100.202602081740/tools/bin/../lib/gcc/arm-none-eabi/14.3.1/../../../../arm-none-eabi/lib/thumb/v7e-m+fp/hard\libc_nano.a(libc_a-mallocr.o)
 .debug_frame   0x00001c10       0x30 E:/ASUS/STM32CubeIDE_1.13.2/STM32CubeIDE/plugins/com.st.stm32cube.ide.mcu.externaltools.gnu-tools-for-stm32.14.3.rel1.win32_1.0.100.202602081740/tools/bin/../lib/gcc/arm-none-eabi/14.3.1/../../../../arm-none-eabi/lib/thumb/v7e-m+fp/hard\libc_nano.a(libc_a-mlock.o)
 .debug_frame   0x00001c40       0x90 E:/ASUS/STM32CubeIDE_1.13.2/STM32CubeIDE/plugins/com.st.stm32cube.ide.mcu.externaltools.gnu-tools-for-stm32.14.3.rel1.win32_1.0.100.202602081740/tools/bin/../lib/gcc/arm-none-eabi/14.3.1/../../../../arm-none-eabi/lib/thumb/v7e-m+fp/hard\libc_nano.a(libc_a-nano-svfprintf.o)
 .debug_frame   0x00001cd0       0x60 E:/ASUS/STM32CubeIDE_1.13.2/STM32CubeIDE/plugins/com.st.stm32cube.ide.mcu.externaltools.gnu-tools-for-stm32.14.3.rel1.win32_1.0.100.202602081740/tools/bin/../lib/gcc/arm-none-eabi/14.3.1/../../../../arm-none-eabi/lib/thumb/v7e-m+fp/hard\libc_nano.a(libc_a-nano-vfprintf_i.o)
 .debug_frame   0x00001d30       0x28 E:/ASUS/STM32CubeIDE_1.13.2/STM32CubeIDE/plugins/com.st.stm32cube.ide.mcu.externaltools.gnu-tools-for-stm32.14.3.rel1.win32_1.0.100.202602081740/tools/bin/../lib/gcc/arm-none-eabi/14.3.1/../../../../arm-none-eabi/lib/thumb/v7e-m+fp/hard\libc_nano.a(libc_a-memmove.o)
 .debug_frame   0x00001d58       0x2c E:/ASUS/STM32CubeIDE_1.13.2/STM32CubeIDE/plugins/com.st.stm32cube.ide.mcu.externaltools.gnu-tools-for-stm32.14.3.rel1.win32_1.0.100.202602081740/tools/bin/../lib/gcc/arm-none-eabi/14.3.1/../../../../arm-none-eabi/lib/thumb/v7e-m+fp/hard\libc_nano.a(libc_a-sbrkr.o)
 .debug_frame   0x00001d84       0x4c E:/ASUS/STM32CubeIDE_1.13.2/STM32CubeIDE/plugins/com.st.stm32cube.ide.mcu.externaltools.gnu-tools-for-stm32.14.3.rel1.win32_1.0.100.202602081740/tools/bin/../lib/gcc/arm-none-eabi/14.3.1/../../../../arm-none-eabi/lib/thumb/v7e-m+fp/hard\libc_nano.a(libc_a-memchr.o)
 .debug_frame   0x00001dd0       0x28 E:/ASUS/STM32CubeIDE_1.13.2/STM32CubeIDE/plugins/com.st.stm32cube.ide.mcu.externaltools.gnu-tools-for-stm32.14.3.rel1.win32_1.0.100.202602081740/tools/bin/../lib/gcc/arm-none-eabi/14.3.1/../../../../arm-none-eabi/lib/thumb/v7e-m+fp/hard\libc_nano.a(libc_a-memcpy-stub.o)
 .debug_frame   0x00001df8       0x3c E:/ASUS/STM32CubeIDE_1.13.2/STM32CubeIDE/plugins/com.st.stm32cube.ide.mcu.externaltools.gnu-tools-for-stm32.14.3.rel1.win32_1.0.100.202602081740/tools/bin/../lib/gcc/arm-none-eabi/14.3.1/../../../../arm-none-eabi/lib/thumb/v7e-m+fp/hard\libc_nano.a(libc_a-reallocr.o)
 .debug_frame   0x00001e34       0x20 E:/ASUS/STM32CubeIDE_1.13.2/STM32CubeIDE/plugins/com.st.stm32cube.ide.mcu.externaltools.gnu-tools-for-stm32.14.3.rel1.win32_1.0.100.202602081740/tools/bin/../lib/gcc/arm-none-eabi/14.3.1/../../../../arm-none-eabi/lib/thumb/v7e-m+fp/hard\libc_nano.a(libc_a-msizer.o)

.debug_line_str
                0x00000000       0x52
 .debug_line_str
                0x00000000       0x52 ./Core/Startup/startup_stm32f401ceux.o
