../Drivers/STM32F4xx_HAL_Driver/Inc/stm32f4xx_ll_gpio.h:800:26:LL_GPIO_IsInputPinSet	16	static
../Drivers/STM32F4xx_HAL_Driver/Inc/stm32f4xx_ll_gpio.h:910:22:LL_GPIO_ResetOutputPin	16	static
../Source/Components/ds18b20/ds18b20.c:24:16:DS18B20_GetPinPosition	24	static
../Source/Components/ds18b20/ds18b20.c:37:13:DS18B20_ReleaseBus	24	static
../Source/Components/ds18b20/ds18b20.c:54:13:DS18B20_PullBusLow	24	static
../Source/Components/ds18b20/ds18b20.c:79:16:DS18B20_ReadBus	16	static
../Source/Components/ds18b20/ds18b20.c:89:16:DS18B20_Reset	24	static
../Source/Components/ds18b20/ds18b20.c:112:13:DS18B20_WriteBit	16	static
../Source/Components/ds18b20/ds18b20.c:130:16:DS18B20_ReadBit	24	static
../Source/Components/ds18b20/ds18b20.c:148:13:DS18B20_WriteByte	24	static
../Source/Components/ds18b20/ds18b20.c:159:16:DS18B20_ReadByte	24	static
../Source/Components/ds18b20/ds18b20.c:175:16:DS18B20_CalcCRC8	24	static
../Source/Components/ds18b20/ds18b20.c:202:16:DS18B20_RawToIntCelsius	16	static
../Source/Components/ds18b20/ds18b20.c:212:16:DS18B20_ReadScratchpad	32	static
../Source/Components/ds18b20/ds18b20.c:239:9:DS18B20_Init	16	static
../Source/Components/ds18b20/ds18b20.c:272:9:DS18B20_StartConversion	16	static
../Source/Components/ds18b20/ds18b20.c:289:9:DS18B20_ReadTempAfterConversion	32	static
../Source/Components/ds18b20/ds18b20.c:316:9:DS18B20_RequestSample	16	static
../Source/Components/ds18b20/ds18b20.c:342:6:DS18B20_Process	24	static
../Source/Components/ds18b20/ds18b20.c:377:9:DS18B20_IsBusy	16	static
../Source/Components/ds18b20/ds18b20.c:390:9:DS18B20_IsNewDataReady	16	static
../Source/Components/ds18b20/ds18b20.c:399:9:DS18B20_GetLastTempInt	16	static
../Source/Components/ds18b20/ds18b20.c:415:9:DS18B20_IsDataValid	16	static
